Archive member included to satisfy reference by file (symbol)

C:/ST/STM32CubeIDE_1.16.0/STM32CubeIDE/plugins/com.st.stm32cube.ide.mcu.externaltools.gnu-tools-for-stm32.12.3.rel1.win32_1.0.200.202406191623/tools/bin/../lib/gcc/arm-none-eabi/12.3.1/../../../../arm-none-eabi/lib/thumb/v7e-m+fp/hard\libc_nano.a(libc_a-exit.o)
                              C:/ST/STM32CubeIDE_1.16.0/STM32CubeIDE/plugins/com.st.stm32cube.ide.mcu.externaltools.gnu-tools-for-stm32.12.3.rel1.win32_1.0.200.202406191623/tools/bin/../lib/gcc/arm-none-eabi/12.3.1/../../../../arm-none-eabi/lib/thumb/v7e-m+fp/hard/crt0.o (exit)
C:/ST/STM32CubeIDE_1.16.0/STM32CubeIDE/plugins/com.st.stm32cube.ide.mcu.externaltools.gnu-tools-for-stm32.12.3.rel1.win32_1.0.200.202406191623/tools/bin/../lib/gcc/arm-none-eabi/12.3.1/../../../../arm-none-eabi/lib/thumb/v7e-m+fp/hard\libc_nano.a(libc_a-findfp.o)
                              C:/ST/STM32CubeIDE_1.16.0/STM32CubeIDE/plugins/com.st.stm32cube.ide.mcu.externaltools.gnu-tools-for-stm32.12.3.rel1.win32_1.0.200.202406191623/tools/bin/../lib/gcc/arm-none-eabi/12.3.1/../../../../arm-none-eabi/lib/thumb/v7e-m+fp/hard\libc_nano.a(libc_a-exit.o) (__stdio_exit_handler)
C:/ST/STM32CubeIDE_1.16.0/STM32CubeIDE/plugins/com.st.stm32cube.ide.mcu.externaltools.gnu-tools-for-stm32.12.3.rel1.win32_1.0.200.202406191623/tools/bin/../lib/gcc/arm-none-eabi/12.3.1/../../../../arm-none-eabi/lib/thumb/v7e-m+fp/hard\libc_nano.a(libc_a-fwalk.o)
                              C:/ST/STM32CubeIDE_1.16.0/STM32CubeIDE/plugins/com.st.stm32cube.ide.mcu.externaltools.gnu-tools-for-stm32.12.3.rel1.win32_1.0.200.202406191623/tools/bin/../lib/gcc/arm-none-eabi/12.3.1/../../../../arm-none-eabi/lib/thumb/v7e-m+fp/hard\libc_nano.a(libc_a-findfp.o) (_fwalk_sglue)
C:/ST/STM32CubeIDE_1.16.0/STM32CubeIDE/plugins/com.st.stm32cube.ide.mcu.externaltools.gnu-tools-for-stm32.12.3.rel1.win32_1.0.200.202406191623/tools/bin/../lib/gcc/arm-none-eabi/12.3.1/../../../../arm-none-eabi/lib/thumb/v7e-m+fp/hard\libc_nano.a(libc_a-stdio.o)
                              C:/ST/STM32CubeIDE_1.16.0/STM32CubeIDE/plugins/com.st.stm32cube.ide.mcu.externaltools.gnu-tools-for-stm32.12.3.rel1.win32_1.0.200.202406191623/tools/bin/../lib/gcc/arm-none-eabi/12.3.1/../../../../arm-none-eabi/lib/thumb/v7e-m+fp/hard\libc_nano.a(libc_a-findfp.o) (__sread)
C:/ST/STM32CubeIDE_1.16.0/STM32CubeIDE/plugins/com.st.stm32cube.ide.mcu.externaltools.gnu-tools-for-stm32.12.3.rel1.win32_1.0.200.202406191623/tools/bin/../lib/gcc/arm-none-eabi/12.3.1/../../../../arm-none-eabi/lib/thumb/v7e-m+fp/hard\libc_nano.a(libc_a-memset.o)
                              C:/ST/STM32CubeIDE_1.16.0/STM32CubeIDE/plugins/com.st.stm32cube.ide.mcu.externaltools.gnu-tools-for-stm32.12.3.rel1.win32_1.0.200.202406191623/tools/bin/../lib/gcc/arm-none-eabi/12.3.1/../../../../arm-none-eabi/lib/thumb/v7e-m+fp/hard/crt0.o (memset)
C:/ST/STM32CubeIDE_1.16.0/STM32CubeIDE/plugins/com.st.stm32cube.ide.mcu.externaltools.gnu-tools-for-stm32.12.3.rel1.win32_1.0.200.202406191623/tools/bin/../lib/gcc/arm-none-eabi/12.3.1/../../../../arm-none-eabi/lib/thumb/v7e-m+fp/hard\libc_nano.a(libc_a-closer.o)
                              C:/ST/STM32CubeIDE_1.16.0/STM32CubeIDE/plugins/com.st.stm32cube.ide.mcu.externaltools.gnu-tools-for-stm32.12.3.rel1.win32_1.0.200.202406191623/tools/bin/../lib/gcc/arm-none-eabi/12.3.1/../../../../arm-none-eabi/lib/thumb/v7e-m+fp/hard\libc_nano.a(libc_a-stdio.o) (_close_r)
C:/ST/STM32CubeIDE_1.16.0/STM32CubeIDE/plugins/com.st.stm32cube.ide.mcu.externaltools.gnu-tools-for-stm32.12.3.rel1.win32_1.0.200.202406191623/tools/bin/../lib/gcc/arm-none-eabi/12.3.1/../../../../arm-none-eabi/lib/thumb/v7e-m+fp/hard\libc_nano.a(libc_a-reent.o)
                              C:/ST/STM32CubeIDE_1.16.0/STM32CubeIDE/plugins/com.st.stm32cube.ide.mcu.externaltools.gnu-tools-for-stm32.12.3.rel1.win32_1.0.200.202406191623/tools/bin/../lib/gcc/arm-none-eabi/12.3.1/../../../../arm-none-eabi/lib/thumb/v7e-m+fp/hard\libc_nano.a(libc_a-closer.o) (errno)
C:/ST/STM32CubeIDE_1.16.0/STM32CubeIDE/plugins/com.st.stm32cube.ide.mcu.externaltools.gnu-tools-for-stm32.12.3.rel1.win32_1.0.200.202406191623/tools/bin/../lib/gcc/arm-none-eabi/12.3.1/../../../../arm-none-eabi/lib/thumb/v7e-m+fp/hard\libc_nano.a(libc_a-impure.o)
                              C:/ST/STM32CubeIDE_1.16.0/STM32CubeIDE/plugins/com.st.stm32cube.ide.mcu.externaltools.gnu-tools-for-stm32.12.3.rel1.win32_1.0.200.202406191623/tools/bin/../lib/gcc/arm-none-eabi/12.3.1/../../../../arm-none-eabi/lib/thumb/v7e-m+fp/hard\libc_nano.a(libc_a-reent.o) (_impure_ptr)
C:/ST/STM32CubeIDE_1.16.0/STM32CubeIDE/plugins/com.st.stm32cube.ide.mcu.externaltools.gnu-tools-for-stm32.12.3.rel1.win32_1.0.200.202406191623/tools/bin/../lib/gcc/arm-none-eabi/12.3.1/../../../../arm-none-eabi/lib/thumb/v7e-m+fp/hard\libc_nano.a(libc_a-lseekr.o)
[...]
Memory Configuration

Name             Origin             Length             Attributes
RAM              0x20000000         0x00020000         xrw
FLASH            0x08000000         0x00080000         xr
*default*        0x00000000         0xffffffff

Linker script and memory map

LOAD C:/ST/STM32CubeIDE_1.16.0/STM32CubeIDE/plugins/com.st.stm32cube.ide.mcu.externaltools.gnu-tools-for-stm32.12.3.rel1.win32_1.0.200.202406191623/tools/bin/../lib/gcc/arm-none-eabi/12.3.1/thumb/v7e-m+fp/hard/crti.o
LOAD C:/ST/STM32CubeIDE_1.16.0/STM32CubeIDE/plugins/com.st.stm32cube.ide.mcu.externaltools.gnu-tools-for-stm32.12.3.rel1.win32_1.0.200.202406191623/tools/bin/../lib/gcc/arm-none-eabi/12.3.1/thumb/v7e-m+fp/hard/crtbegin.o
LOAD C:/ST/STM32CubeIDE_1.16.0/STM32CubeIDE/plugins/com.st.stm32cube.ide.mcu.externaltools.gnu-tools-for-stm32.12.3.rel1.win32_1.0.200.202406191623/tools/bin/../lib/gcc/arm-none-eabi/12.3.1/../../../../arm-none-eabi/lib/thumb/v7e-m+fp/hard/crt0.o
LOAD ./Core/Src/font.o
LOAD ./Core/Src/graficos.o
LOAD ./Core/Src/ili9341.o
LOAD ./Core/Src/main.o
LOAD ./Core/Src/neo_pixel.o
LOAD ./Core/Src/stm32f4xx_hal_msp.o
LOAD ./Core/Src/stm32f4xx_it.o
LOAD ./Core/Src/syscalls.o
LOAD ./Core/Src/sysmem.o
LOAD ./Core/Src/system_stm32f4xx.o
LOAD ./Core/Startup/startup_stm32f446retx.o
LOAD ./Drivers/STM32F4xx_HAL_Driver/Src/stm32f4xx_hal.o
LOAD ./Drivers/STM32F4xx_HAL_Driver/Src/stm32f4xx_hal_cortex.o
LOAD ./Drivers/STM32F4xx_HAL_Driver/Src/stm32f4xx_hal_dma.o
LOAD ./Drivers/STM32F4xx_HAL_Driver/Src/stm32f4xx_hal_dma_ex.o
LOAD ./Drivers/STM32F4xx_HAL_Driver/Src/stm32f4xx_hal_exti.o
LOAD ./Drivers/STM32F4xx_HAL_Driver/Src/stm32f4xx_hal_flash.o
LOAD ./Drivers/STM32F4xx_HAL_Driver/Src/stm32f4xx_hal_flash_ex.o
LOAD ./Drivers/STM32F4xx_HAL_Driver/Src/stm32f4xx_hal_flash_ramfunc.o
LOAD ./Drivers/STM32F4xx_HAL_Driver/Src/stm32f4xx_hal_gpio.o
LOAD ./Drivers/STM32F4xx_HAL_Driver/Src/stm32f4xx_hal_pwr.o
LOAD ./Drivers/STM32F4xx_HAL_Driver/Src/stm32f4xx_hal_pwr_ex.o
LOAD ./Drivers/STM32F4xx_HAL_Driver/Src/stm32f4xx_hal_rcc.o
LOAD ./Drivers/STM32F4xx_HAL_Driver/Src/stm32f4xx_hal_rcc_ex.o
LOAD ./Drivers/STM32F4xx_HAL_Driver/Src/stm32f4xx_hal_spi.o
LOAD ./Drivers/STM32F4xx_HAL_Driver/Src/stm32f4xx_hal_tim.o
LOAD ./Drivers/STM32F4xx_HAL_Driver/Src/stm32f4xx_hal_tim_ex.o
LOAD ./Drivers/STM32F4xx_HAL_Driver/Src/stm32f4xx_hal_uart.o
START GROUP
LOAD C:/ST/STM32CubeIDE_1.16.0/STM32CubeIDE/plugins/com.st.stm32cube.ide.mcu.externaltools.gnu-tools-for-stm32.12.3.rel1.win32_1.0.200.202406191623/tools/bin/../lib/gcc/arm-none-eabi/12.3.1/../../../../arm-none-eabi/lib/thumb/v7e-m+fp/hard\libc_nano.a
LOAD C:/ST/STM32CubeIDE_1.16.0/STM32CubeIDE/plugins/com.st.stm32cube.ide.mcu.externaltools.gnu-tools-for-stm32.12.3.rel1.win32_1.0.200.202406191623/tools/bin/../lib/gcc/arm-none-eabi/12.3.1/../../../../arm-none-eabi/lib/thumb/v7e-m+fp/hard\libm.a
END GROUP
START GROUP
LOAD C:/ST/STM32CubeIDE_1.16.0/STM32CubeIDE/plugins/com.st.stm32cube.ide.mcu.externaltools.gnu-tools-for-stm32.12.3.rel1.win32_1.0.200.202406191623/tools/bin/../lib/gcc/arm-none-eabi/12.3.1/thumb/v7e-m+fp/hard\libgcc.a
LOAD C:/ST/STM32CubeIDE_1.16.0/STM32CubeIDE/plugins/com.st.stm32cube.ide.mcu.externaltools.gnu-tools-for-stm32.12.3.rel1.win32_1.0.200.202406191623/tools/bin/../lib/gcc/arm-none-eabi/12.3.1/../../../../arm-none-eabi/lib/thumb/v7e-m+fp/hard\libc_nano.a
END GROUP
START GROUP
LOAD C:/ST/STM32CubeIDE_1.16.0/STM32CubeIDE/plugins/com.st.stm32cube.ide.mcu.externaltools.gnu-tools-for-stm32.12.3.rel1.win32_1.0.200.202406191623/tools/bin/../lib/gcc/arm-none-eabi/12.3.1/thumb/v7e-m+fp/hard\libgcc.a
LOAD C:/ST/STM32CubeIDE_1.16.0/STM32CubeIDE/plugins/com.st.stm32cube.ide.mcu.externaltools.gnu-tools-for-stm32.12.3.rel1.win32_1.0.200.202406191623/tools/bin/../lib/gcc/arm-none-eabi/12.3.1/../../../../arm-none-eabi/lib/thumb/v7e-m+fp/hard\libc_nano.a
LOAD C:/ST/STM32CubeIDE_1.16.0/STM32CubeIDE/plugins/com.st.stm32cube.ide.mcu.externaltools.gnu-tools-for-stm32.12.3.rel1.win32_1.0.200.202406191623/tools/bin/../lib/gcc/arm-none-eabi/12.3.1/../../../../arm-none-eabi/lib/thumb/v7e-m+fp/hard\libnosys.a
END GROUP
START GROUP
LOAD C:/ST/STM32CubeIDE_1.16.0/STM32CubeIDE/plugins/com.st.stm32cube.ide.mcu.externaltools.gnu-tools-for-stm32.12.3.rel1.win32_1.0.200.202406191623/tools/bin/../lib/gcc/arm-none-eabi/12.3.1/thumb/v7e-m+fp/hard\libgcc.a
LOAD C:/ST/STM32CubeIDE_1.16.0/STM32CubeIDE/plugins/com.st.stm32cube.ide.mcu.externaltools.gnu-tools-for-stm32.12.3.rel1.win32_1.0.200.202406191623/tools/bin/../lib/gcc/arm-none-eabi/12.3.1/../../../../arm-none-eabi/lib/thumb/v7e-m+fp/hard\libc_nano.a
LOAD C:/ST/STM32CubeIDE_1.16.0/STM32CubeIDE/plugins/com.st.stm32cube.ide.mcu.externaltools.gnu-tools-for-stm32.12.3.rel1.win32_1.0.200.202406191623/tools/bin/../lib/gcc/arm-none-eabi/12.3.1/../../../../arm-none-eabi/lib/thumb/v7e-m+fp/hard\libnosys.a
END GROUP
LOAD C:/ST/STM32CubeIDE_1.16.0/STM32CubeIDE/plugins/com.st.stm32cube.ide.mcu.externaltools.gnu-tools-for-stm32.12.3.rel1.win32_1.0.200.202406191623/tools/bin/../lib/gcc/arm-none-eabi/12.3.1/thumb/v7e-m+fp/hard/crtend.o
LOAD C:/ST/STM32CubeIDE_1.16.0/STM32CubeIDE/plugins/com.st.stm32cube.ide.mcu.externaltools.gnu-tools-for-stm32.12.3.rel1.win32_1.0.200.202406191623/tools/bin/../lib/gcc/arm-none-eabi/12.3.1/thumb/v7e-m+fp/hard/crtn.o
                0x20020000                        _estack = (ORIGIN (RAM) + LENGTH (RAM))
                0x00000200                        _Min_Heap_Size = 0x200
                0x00000400                        _Min_Stack_Size = 0x400

.isr_vector     0x08000000      0x1c4
                0x08000000                        . = ALIGN (0x4)
 *(.isr_vector)
 .isr_vector    0x08000000      0x1c4 ./Core/Startup/startup_stm32f446retx.o
                0x08000000                g_pfnVectors
                0x080001c4                        . = ALIGN (0x4)

.text           0x080001c4     0x631c
                0x080001c4                        . = ALIGN (0x4)
 *(.text)
 .text          0x080001c4       0x40 C:/ST/STM32CubeIDE_1.16.0/STM32CubeIDE/plugins/com.st.stm32cube.ide.mcu.externaltools.gnu-tools-for-stm32.12.3.rel1.win32_1.0.200.202406191623/tools/bin/../lib/gcc/arm-none-eabi/12.3.1/thumb/v7e-m+fp/hard/crtbegin.o
 .text          0x08000204       0x10 C:/ST/STM32CubeIDE_1.16.0/STM32CubeIDE/plugins/com.st.stm32cube.ide.mcu.externaltools.gnu-tools-for-stm32.12.3.rel1.win32_1.0.200.202406191623/tools/bin/../lib/gcc/arm-none-eabi/12.3.1/../../../../arm-none-eabi/lib/thumb/v7e-m+fp/hard\libc_nano.a(libc_a-strlen.o)
                0x08000204                strlen
 .text          0x08000214       0x30 C:/ST/STM32CubeIDE_1.16.0/STM32CubeIDE/plugins/com.st.stm32cube.ide.mcu.externaltools.gnu-tools-for-stm32.12.3.rel1.win32_1.0.200.202406191623/tools/bin/../lib/gcc/arm-none-eabi/12.3.1/thumb/v7e-m+fp/hard\libgcc.a(_aeabi_uldivmod.o)
                0x08000214                __aeabi_uldivmod
 .text          0x08000244      0x2bc C:/ST/STM32CubeIDE_1.16.0/STM32CubeIDE/plugins/com.st.stm32cube.ide.mcu.externaltools.gnu-tools-for-stm32.12.3.rel1.win32_1.0.200.202406191623/tools/bin/../lib/gcc/arm-none-eabi/12.3.1/thumb/v7e-m+fp/hard\libgcc.a(_udivmoddi4.o)
                0x08000244                __udivmoddi4
 .text          0x08000500        0x4 C:/ST/STM32CubeIDE_1.16.0/STM32CubeIDE/plugins/com.st.stm32cube.ide.mcu.externaltools.gnu-tools-for-stm32.12.3.rel1.win32_1.0.200.202406191623/tools/bin/../lib/gcc/arm-none-eabi/12.3.1/thumb/v7e-m+fp/hard\libgcc.a(_dvmd_tls.o)
                0x08000500                __aeabi_idiv0
                0x08000500                __aeabi_ldiv0
 *(.text*)
 .text.LCD_Init
                0x08000504      0x1f8 ./Core/Src/ili9341.o
                0x08000504                LCD_Init
 .text.LCD_CMD  0x080006fc      0x14c ./Core/Src/ili9341.o
                0x080006fc                LCD_CMD
 .text.LCD_DATA
                0x08000848      0x14c ./Core/Src/ili9341.o
                0x08000848                LCD_DATA
 .text.SetWindows
                0x08000994       0x80 ./Core/Src/ili9341.o
                0x08000994                SetWindows
 .text.LCD_Clear
                0x08000a14       0x88 ./Core/Src/ili9341.o
                0x08000a14                LCD_Clear
 .text.FillRect
                0x08000a9c       0xb4 ./Core/Src/ili9341.o
                0x08000a9c                FillRect
 .text.LCD_Bitmap
                0x08000b50       0xb4 ./Core/Src/ili9341.o
                0x08000b50                LCD_Bitmap
 .text.LCD_Sprite
                0x08000c04      0x158 ./Core/Src/ili9341.o
                0x08000c04                LCD_Sprite
 .text.parqueo1
                0x08000d5c      0x15c ./Core/Src/main.o
                0x08000d5c                parqueo1
 .text.parq1    0x08000eb8      0x1b4 ./Core/Src/main.o
                0x08000eb8                parq1
 .text.parqueo2
                0x0800106c       0xdc ./Core/Src/main.o
                0x0800106c                parqueo2
 .text.parq2    0x08001148      0x144 ./Core/Src/main.o
                0x08001148                parq2
 .text.parqueo3
                0x0800128c       0xdc ./Core/Src/main.o
                0x0800128c                parqueo3
 .text.parq3    0x08001368      0x144 ./Core/Src/main.o
                0x08001368                parq3
 .text.parqueo4
                0x080014ac       0xdc ./Core/Src/main.o
                0x080014ac                parqueo4
 .text.parq4    0x08001588      0x144 ./Core/Src/main.o
                0x08001588                parq4
 .text.parqueo5
                0x080016cc       0xdc ./Core/Src/main.o
                0x080016cc                parqueo5
 .text.parq5    0x080017a8      0x144 ./Core/Src/main.o
                0x080017a8                parq5
 .text.parqueo6
                0x080018ec       0xdc ./Core/Src/main.o
                0x080018ec                parqueo6
 .text.parq6    0x080019c8      0x144 ./Core/Src/main.o
                0x080019c8                parq6
 .text.parqueo7
                0x08001b0c       0xdc ./Core/Src/main.o
                0x08001b0c                parqueo7
 .text.parq7    0x08001be8      0x144 ./Core/Src/main.o
                0x08001be8                parq7
 .text.parqueo8
                0x08001d2c       0xdc ./Core/Src/main.o
                0x08001d2c                parqueo8
 .text.parq8    0x08001e08      0x144 ./Core/Src/main.o
                0x08001e08                parq8
 .text.main     0x08001f4c      0x618 ./Core/Src/main.o
                0x08001f4c                main
 .text.SystemClock_Config
                0x08002564       0xd8 ./Core/Src/main.o
                0x08002564                SystemClock_Config
 .text.MX_SPI1_Init
                0x0800263c       0x6c ./Core/Src/main.o
 .text.MX_TIM3_Init
                0x080026a8       0xb0 ./Core/Src/main.o
 .text.MX_UART5_Init
                0x08002758       0x54 ./Core/Src/main.o
 .text.MX_USART2_UART_Init
                0x080027ac       0x54 ./Core/Src/main.o
 .text.MX_DMA_Init
                0x08002800       0x40 ./Core/Src/main.o
 .text.MX_GPIO_Init
                0x08002840      0x18c ./Core/Src/main.o
 .text.transmit_uart5
                0x080029cc       0x2c ./Core/Src/main.o
                0x080029cc                transmit_uart5
 .text.HAL_UART_RxCpltCallback
                0x080029f8      0x13c ./Core/Src/main.o
                0x080029f8                HAL_UART_RxCpltCallback
 .text.Error_Handler
                0x08002b34        0xc ./Core/Src/main.o
                0x08002b34                Error_Handler
 .text.HAL_MspInit
                0x08002b40       0x50 ./Core/Src/stm32f4xx_hal_msp.o
                0x08002b40                HAL_MspInit
 .text.HAL_SPI_MspInit
                0x08002b90       0x90 ./Core/Src/stm32f4xx_hal_msp.o
                0x08002b90                HAL_SPI_MspInit
 .text.HAL_TIM_PWM_MspInit
                0x08002c20       0xc4 ./Core/Src/stm32f4xx_hal_msp.o
                0x08002c20                HAL_TIM_PWM_MspInit
 .text.HAL_TIM_MspPostInit
                0x08002ce4       0x74 ./Core/Src/stm32f4xx_hal_msp.o
                0x08002ce4                HAL_TIM_MspPostInit
 .text.HAL_UART_MspInit
                0x08002d58      0x15c ./Core/Src/stm32f4xx_hal_msp.o
                0x08002d58                HAL_UART_MspInit
 .text.NMI_Handler
                0x08002eb4        0x8 ./Core/Src/stm32f4xx_it.o
                0x08002eb4                NMI_Handler
 .text.HardFault_Handler
                0x08002ebc        0x8 ./Core/Src/stm32f4xx_it.o
                0x08002ebc                HardFault_Handler
 .text.MemManage_Handler
                0x08002ec4        0x8 ./Core/Src/stm32f4xx_it.o
                0x08002ec4                MemManage_Handler
 .text.BusFault_Handler
                0x08002ecc        0x8 ./Core/Src/stm32f4xx_it.o
                0x08002ecc                BusFault_Handler
 .text.UsageFault_Handler
                0x08002ed4        0x8 ./Core/Src/stm32f4xx_it.o
                0x08002ed4                UsageFault_Handler
 .text.SVC_Handler
                0x08002edc        0xe ./Core/Src/stm32f4xx_it.o
                0x08002edc                SVC_Handler
 .text.DebugMon_Handler
                0x08002eea        0xe ./Core/Src/stm32f4xx_it.o
                0x08002eea                DebugMon_Handler
 .text.PendSV_Handler
                0x08002ef8        0xe ./Core/Src/stm32f4xx_it.o
                0x08002ef8                PendSV_Handler
 .text.SysTick_Handler
                0x08002f06        0xc ./Core/Src/stm32f4xx_it.o
                0x08002f06                SysTick_Handler
 *fill*         0x08002f12        0x2 
 .text.DMA1_Stream4_IRQHandler
                0x08002f14       0x14 ./Core/Src/stm32f4xx_it.o
                0x08002f14                DMA1_Stream4_IRQHandler
 .text.TIM3_IRQHandler
                0x08002f28       0x14 ./Core/Src/stm32f4xx_it.o
                0x08002f28                TIM3_IRQHandler
 .text.USART2_IRQHandler
                0x08002f3c       0x14 ./Core/Src/stm32f4xx_it.o
                0x08002f3c                USART2_IRQHandler
 .text.UART5_IRQHandler
                0x08002f50       0x14 ./Core/Src/stm32f4xx_it.o
                0x08002f50                UART5_IRQHandler
 .text.SystemInit
                0x08002f64       0x24 ./Core/Src/system_stm32f4xx.o
                0x08002f64                SystemInit
 .text.Reset_Handler
                0x08002f88       0x50 ./Core/Startup/startup_stm32f446retx.o
                0x08002f88                Reset_Handler
 .text.Default_Handler
                0x08002fd8        0x2 ./Core/Startup/startup_stm32f446retx.o
                0x08002fd8                RTC_Alarm_IRQHandler
                0x08002fd8                EXTI2_IRQHandler
                0x08002fd8                TIM8_CC_IRQHandler
                0x08002fd8                FMPI2C1_EV_IRQHandler
                0x08002fd8                SPI4_IRQHandler
                0x08002fd8                TIM1_CC_IRQHandler
                0x08002fd8                DMA2_Stream5_IRQHandler
                0x08002fd8                DMA1_Stream5_IRQHandler
                0x08002fd8                PVD_IRQHandler
                0x08002fd8                SDIO_IRQHandler
                0x08002fd8                TAMP_STAMP_IRQHandler
                0x08002fd8                CAN2_RX1_IRQHandler
                0x08002fd8                EXTI3_IRQHandler
                0x08002fd8                TIM8_TRG_COM_TIM14_IRQHandler
                0x08002fd8                TIM1_UP_TIM10_IRQHandler
                0x08002fd8                TIM8_UP_TIM13_IRQHandler
                0x08002fd8                I2C3_ER_IRQHandler
                0x08002fd8                EXTI0_IRQHandler
                0x08002fd8                I2C2_EV_IRQHandler
                0x08002fd8                DMA1_Stream2_IRQHandler
                0x08002fd8                CAN1_RX0_IRQHandler
                0x08002fd8                FPU_IRQHandler
                0x08002fd8                OTG_HS_WKUP_IRQHandler
                0x08002fd8                CAN2_SCE_IRQHandler
                0x08002fd8                DMA2_Stream2_IRQHandler
                0x08002fd8                SPI1_IRQHandler
                0x08002fd8                TIM6_DAC_IRQHandler
                0x08002fd8                TIM1_BRK_TIM9_IRQHandler
                0x08002fd8                DCMI_IRQHandler
                0x08002fd8                CAN2_RX0_IRQHandler
                0x08002fd8                DMA2_Stream3_IRQHandler
                0x08002fd8                SAI2_IRQHandler
                0x08002fd8                USART6_IRQHandler
                0x08002fd8                USART3_IRQHandler
                0x08002fd8                CAN1_RX1_IRQHandler
                0x08002fd8                DMA2_Stream0_IRQHandler
                0x08002fd8                TIM4_IRQHandler
                0x08002fd8                QUADSPI_IRQHandler
                0x08002fd8                I2C1_EV_IRQHandler
                0x08002fd8                DMA1_Stream6_IRQHandler
                0x08002fd8                DMA1_Stream1_IRQHandler
                0x08002fd8                UART4_IRQHandler
                0x08002fd8                RCC_IRQHandler
                0x08002fd8                TIM8_BRK_TIM12_IRQHandler
                0x08002fd8                Default_Handler
                0x08002fd8                CEC_IRQHandler
                0x08002fd8                EXTI15_10_IRQHandler
                0x08002fd8                ADC_IRQHandler
                0x08002fd8                DMA1_Stream7_IRQHandler
                0x08002fd8                TIM7_IRQHandler
                0x08002fd8                CAN2_TX_IRQHandler
                0x08002fd8                TIM5_IRQHandler
                0x08002fd8                DMA2_Stream7_IRQHandler
                0x08002fd8                I2C3_EV_IRQHandler
                0x08002fd8                EXTI9_5_IRQHandler
                0x08002fd8                RTC_WKUP_IRQHandler
                0x08002fd8                SPDIF_RX_IRQHandler
                0x08002fd8                SPI2_IRQHandler
                0x08002fd8                OTG_HS_EP1_IN_IRQHandler
                0x08002fd8                DMA1_Stream0_IRQHandler
                0x08002fd8                CAN1_TX_IRQHandler
                0x08002fd8                FMPI2C1_ER_IRQHandler
                0x08002fd8                EXTI4_IRQHandler
                0x08002fd8                OTG_HS_EP1_OUT_IRQHandler
                0x08002fd8                WWDG_IRQHandler
                0x08002fd8                TIM2_IRQHandler
                0x08002fd8                OTG_FS_WKUP_IRQHandler
                0x08002fd8                TIM1_TRG_COM_TIM11_IRQHandler
                0x08002fd8                OTG_HS_IRQHandler
                0x08002fd8                EXTI1_IRQHandler
                0x08002fd8                I2C2_ER_IRQHandler
                0x08002fd8                DMA2_Stream1_IRQHandler
                0x08002fd8                CAN1_SCE_IRQHandler
                0x08002fd8                FLASH_IRQHandler
                0x08002fd8                DMA2_Stream4_IRQHandler
                0x08002fd8                USART1_IRQHandler
                0x08002fd8                OTG_FS_IRQHandler
                0x08002fd8                SPI3_IRQHandler
                0x08002fd8                I2C1_ER_IRQHandler
                0x08002fd8                FMC_IRQHandler
                0x08002fd8                DMA2_Stream6_IRQHandler
                0x08002fd8                SAI1_IRQHandler
                0x08002fd8                DMA1_Stream3_IRQHandler
 *fill*         0x08002fda        0x2 
 .text.HAL_Init
                0x08002fdc       0x44 ./Drivers/STM32F4xx_HAL_Driver/Src/stm32f4xx_hal.o
                0x08002fdc                HAL_Init
 .text.HAL_InitTick
                0x08003020       0x60 ./Drivers/STM32F4xx_HAL_Driver/Src/stm32f4xx_hal.o
                0x08003020                HAL_InitTick
 .text.HAL_IncTick
                0x08003080       0x28 ./Drivers/STM32F4xx_HAL_Driver/Src/stm32f4xx_hal.o
                0x08003080                HAL_IncTick
 .text.HAL_GetTick
                0x080030a8       0x18 ./Drivers/STM32F4xx_HAL_Driver/Src/stm32f4xx_hal.o
                0x080030a8                HAL_GetTick
 .text.HAL_Delay
                0x080030c0       0x48 ./Drivers/STM32F4xx_HAL_Driver/Src/stm32f4xx_hal.o
                0x080030c0                HAL_Delay
 .text.__NVIC_SetPriorityGrouping
                0x08003108       0x48 ./Drivers/STM32F4xx_HAL_Driver/Src/stm32f4xx_hal_cortex.o
 .text.__NVIC_GetPriorityGrouping
                0x08003150       0x1c ./Drivers/STM32F4xx_HAL_Driver/Src/stm32f4xx_hal_cortex.o
 .text.__NVIC_EnableIRQ
                0x0800316c       0x3c ./Drivers/STM32F4xx_HAL_Driver/Src/stm32f4xx_hal_cortex.o
 .text.__NVIC_SetPriority
                0x080031a8       0x54 ./Drivers/STM32F4xx_HAL_Driver/Src/stm32f4xx_hal_cortex.o
 .text.NVIC_EncodePriority
                0x080031fc       0x66 ./Drivers/STM32F4xx_HAL_Driver/Src/stm32f4xx_hal_cortex.o
 *fill*         0x08003262        0x2 
 .text.SysTick_Config
                0x08003264       0x44 ./Drivers/STM32F4xx_HAL_Driver/Src/stm32f4xx_hal_cortex.o
 .text.HAL_NVIC_SetPriorityGrouping
                0x080032a8       0x16 ./Drivers/STM32F4xx_HAL_Driver/Src/stm32f4xx_hal_cortex.o
                0x080032a8                HAL_NVIC_SetPriorityGrouping
 .text.HAL_NVIC_SetPriority
                0x080032be       0x38 ./Drivers/STM32F4xx_HAL_Driver/Src/stm32f4xx_hal_cortex.o
                0x080032be                HAL_NVIC_SetPriority
 .text.HAL_NVIC_EnableIRQ
                0x080032f6       0x1c ./Drivers/STM32F4xx_HAL_Driver/Src/stm32f4xx_hal_cortex.o
                0x080032f6                HAL_NVIC_EnableIRQ
 .text.HAL_SYSTICK_Config
                0x08003312       0x18 ./Drivers/STM32F4xx_HAL_Driver/Src/stm32f4xx_hal_cortex.o
                0x08003312                HAL_SYSTICK_Config
 *fill*         0x0800332a        0x2 
 .text.HAL_DMA_Init
                0x0800332c      0x15c ./Drivers/STM32F4xx_HAL_Driver/Src/stm32f4xx_hal_dma.o
                0x0800332c                HAL_DMA_Init
 .text.HAL_DMA_Abort
                0x08003488       0xe0 ./Drivers/STM32F4xx_HAL_Driver/Src/stm32f4xx_hal_dma.o
                0x08003488                HAL_DMA_Abort
 .text.HAL_DMA_Abort_IT
                0x08003568       0x44 ./Drivers/STM32F4xx_HAL_Driver/Src/stm32f4xx_hal_dma.o
                0x08003568                HAL_DMA_Abort_IT
 .text.HAL_DMA_IRQHandler
                0x080035ac      0x314 ./Drivers/STM32F4xx_HAL_Driver/Src/stm32f4xx_hal_dma.o
                0x080035ac                HAL_DMA_IRQHandler
 .text.DMA_CalcBaseAndBitshift
                0x080038c0       0x6c ./Drivers/STM32F4xx_HAL_Driver/Src/stm32f4xx_hal_dma.o
 .text.DMA_CheckFifoParam
                0x0800392c       0xf8 ./Drivers/STM32F4xx_HAL_Driver/Src/stm32f4xx_hal_dma.o
 .text.HAL_GPIO_Init
                0x08003a24      0x328 ./Drivers/STM32F4xx_HAL_Driver/Src/stm32f4xx_hal_gpio.o
                0x08003a24                HAL_GPIO_Init
 .text.HAL_GPIO_ReadPin
                0x08003d4c       0x30 ./Drivers/STM32F4xx_HAL_Driver/Src/stm32f4xx_hal_gpio.o
                0x08003d4c                HAL_GPIO_ReadPin
 .text.HAL_GPIO_WritePin
                0x08003d7c       0x32 ./Drivers/STM32F4xx_HAL_Driver/Src/stm32f4xx_hal_gpio.o
                0x08003d7c                HAL_GPIO_WritePin
 *fill*         0x08003dae        0x2 
 .text.HAL_RCC_ClockConfig
                0x08003db0      0x1cc ./Drivers/STM32F4xx_HAL_Driver/Src/stm32f4xx_hal_rcc.o
                0x08003db0                HAL_RCC_ClockConfig
 .text.HAL_RCC_GetHCLKFreq
                0x08003f7c       0x18 ./Drivers/STM32F4xx_HAL_Driver/Src/stm32f4xx_hal_rcc.o
                0x08003f7c                HAL_RCC_GetHCLKFreq
 .text.HAL_RCC_GetPCLK1Freq
                0x08003f94       0x28 ./Drivers/STM32F4xx_HAL_Driver/Src/stm32f4xx_hal_rcc.o
                0x08003f94                HAL_RCC_GetPCLK1Freq
 .text.HAL_RCC_GetPCLK2Freq
                0x08003fbc       0x28 ./Drivers/STM32F4xx_HAL_Driver/Src/stm32f4xx_hal_rcc.o
                0x08003fbc                HAL_RCC_GetPCLK2Freq
 .text.HAL_RCC_GetSysClockFreq
                0x08003fe4      0x354 ./Drivers/STM32F4xx_HAL_Driver/Src/stm32f4xx_hal_rcc_ex.o
                0x08003fe4                HAL_RCC_GetSysClockFreq
 .text.HAL_RCC_OscConfig
                0x08004338      0x53c ./Drivers/STM32F4xx_HAL_Driver/Src/stm32f4xx_hal_rcc_ex.o
                0x08004338                HAL_RCC_OscConfig
 .text.HAL_SPI_Init
                0x08004874      0x112 ./Drivers/STM32F4xx_HAL_Driver/Src/stm32f4xx_hal_spi.o
                0x08004874                HAL_SPI_Init
 .text.HAL_TIM_PWM_Init
                0x08004986       0x9e ./Drivers/STM32F4xx_HAL_Driver/Src/stm32f4xx_hal_tim.o
                0x08004986                HAL_TIM_PWM_Init
 .text.HAL_TIM_IRQHandler
                0x08004a24      0x1e0 ./Drivers/STM32F4xx_HAL_Driver/Src/stm32f4xx_hal_tim.o
                0x08004a24                HAL_TIM_IRQHandler
 .text.HAL_TIM_PWM_ConfigChannel
                0x08004c04      0x184 ./Drivers/STM32F4xx_HAL_Driver/Src/stm32f4xx_hal_tim.o
                0x08004c04                HAL_TIM_PWM_ConfigChannel
 .text.HAL_TIM_PeriodElapsedCallback
                0x08004d88       0x14 ./Drivers/STM32F4xx_HAL_Driver/Src/stm32f4xx_hal_tim.o
                0x08004d88                HAL_TIM_PeriodElapsedCallback
 .text.HAL_TIM_OC_DelayElapsedCallback
                0x08004d9c       0x14 ./Drivers/STM32F4xx_HAL_Driver/Src/stm32f4xx_hal_tim.o
                0x08004d9c                HAL_TIM_OC_DelayElapsedCallback
 .text.HAL_TIM_IC_CaptureCallback
                0x08004db0       0x14 ./Drivers/STM32F4xx_HAL_Driver/Src/stm32f4xx_hal_tim.o
                0x08004db0                HAL_TIM_IC_CaptureCallback
 .text.HAL_TIM_PWM_PulseFinishedCallback
                0x08004dc4       0x14 ./Drivers/STM32F4xx_HAL_Driver/Src/stm32f4xx_hal_tim.o
                0x08004dc4                HAL_TIM_PWM_PulseFinishedCallback
 .text.HAL_TIM_TriggerCallback
                0x08004dd8       0x14 ./Drivers/STM32F4xx_HAL_Driver/Src/stm32f4xx_hal_tim.o
                0x08004dd8                HAL_TIM_TriggerCallback
 .text.TIM_Base_SetConfig
                0x08004dec      0x158 ./Drivers/STM32F4xx_HAL_Driver/Src/stm32f4xx_hal_tim.o
                0x08004dec                TIM_Base_SetConfig
 .text.TIM_OC1_SetConfig
                0x08004f44       0xe0 ./Drivers/STM32F4xx_HAL_Driver/Src/stm32f4xx_hal_tim.o
 .text.TIM_OC2_SetConfig
                0x08005024       0xec ./Drivers/STM32F4xx_HAL_Driver/Src/stm32f4xx_hal_tim.o
                0x08005024                TIM_OC2_SetConfig
 .text.TIM_OC3_SetConfig
                0x08005110       0xe8 ./Drivers/STM32F4xx_HAL_Driver/Src/stm32f4xx_hal_tim.o
 .text.TIM_OC4_SetConfig
                0x080051f8       0xac ./Drivers/STM32F4xx_HAL_Driver/Src/stm32f4xx_hal_tim.o
 .text.HAL_TIMEx_MasterConfigSynchronization
                0x080052a4       0xf8 ./Drivers/STM32F4xx_HAL_Driver/Src/stm32f4xx_hal_tim_ex.o
                0x080052a4                HAL_TIMEx_MasterConfigSynchronization
 .text.HAL_TIMEx_CommutCallback
                0x0800539c       0x14 ./Drivers/STM32F4xx_HAL_Driver/Src/stm32f4xx_hal_tim_ex.o
                0x0800539c                HAL_TIMEx_CommutCallback
 .text.HAL_TIMEx_BreakCallback
                0x080053b0       0x14 ./Drivers/STM32F4xx_HAL_Driver/Src/stm32f4xx_hal_tim_ex.o
                0x080053b0                HAL_TIMEx_BreakCallback
 .text.HAL_UART_Init
                0x080053c4       0xa0 ./Drivers/STM32F4xx_HAL_Driver/Src/stm32f4xx_hal_uart.o
                0x080053c4                HAL_UART_Init
 .text.HAL_UART_Transmit
                0x08005464      0x116 ./Drivers/STM32F4xx_HAL_Driver/Src/stm32f4xx_hal_uart.o
                0x08005464                HAL_UART_Transmit
 .text.HAL_UART_Receive_IT
                0x0800557a       0x4a ./Drivers/STM32F4xx_HAL_Driver/Src/stm32f4xx_hal_uart.o
                0x0800557a                HAL_UART_Receive_IT
 .text.HAL_UART_IRQHandler
                0x080055c4      0x524 ./Drivers/STM32F4xx_HAL_Driver/Src/stm32f4xx_hal_uart.o
                0x080055c4                HAL_UART_IRQHandler
 .text.HAL_UART_TxCpltCallback
                0x08005ae8       0x14 ./Drivers/STM32F4xx_HAL_Driver/Src/stm32f4xx_hal_uart.o
                0x08005ae8                HAL_UART_TxCpltCallback
 .text.HAL_UART_ErrorCallback
                0x08005afc       0x14 ./Drivers/STM32F4xx_HAL_Driver/Src/stm32f4xx_hal_uart.o
                0x08005afc                HAL_UART_ErrorCallback
 .text.HAL_UARTEx_RxEventCallback
                0x08005b10       0x18 ./Drivers/STM32F4xx_HAL_Driver/Src/stm32f4xx_hal_uart.o
                0x08005b10                HAL_UARTEx_RxEventCallback
 .text.UART_WaitOnFlagUntilTimeout
                0x08005b28       0xb2 ./Drivers/STM32F4xx_HAL_Driver/Src/stm32f4xx_hal_uart.o
 .text.UART_Start_Receive_IT
                0x08005bda       0x74 ./Drivers/STM32F4xx_HAL_Driver/Src/stm32f4xx_hal_uart.o
                0x08005bda                UART_Start_Receive_IT
 .text.UART_EndRxTransfer
                0x08005c4e       0xc6 ./Drivers/STM32F4xx_HAL_Driver/Src/stm32f4xx_hal_uart.o
 .text.UART_DMAAbortOnError
                0x08005d14       0x28 ./Drivers/STM32F4xx_HAL_Driver/Src/stm32f4xx_hal_uart.o
 .text.UART_Transmit_IT
                0x08005d3c       0xa0 ./Drivers/STM32F4xx_HAL_Driver/Src/stm32f4xx_hal_uart.o
 .text.UART_EndTransmit_IT
                0x08005ddc       0x30 ./Drivers/STM32F4xx_HAL_Driver/Src/stm32f4xx_hal_uart.o
 .text.UART_Receive_IT
                0x08005e0c      0x17c ./Drivers/STM32F4xx_HAL_Driver/Src/stm32f4xx_hal_uart.o
 .text.UART_SetConfig
                0x08005f88      0x4e8 ./Drivers/STM32F4xx_HAL_Driver/Src/stm32f4xx_hal_uart.o
 .text.memset   0x08006470       0x10 C:/ST/STM32CubeIDE_1.16.0/STM32CubeIDE/plugins/com.st.stm32cube.ide.mcu.externaltools.gnu-tools-for-stm32.12.3.rel1.win32_1.0.200.202406191623/tools/bin/../lib/gcc/arm-none-eabi/12.3.1/../../../../arm-none-eabi/lib/thumb/v7e-m+fp/hard\libc_nano.a(libc_a-memset.o)
                0x08006470                memset
 .text.__libc_init_array
                0x08006480       0x48 C:/ST/STM32CubeIDE_1.16.0/STM32CubeIDE/plugins/com.st.stm32cube.ide.mcu.externaltools.gnu-tools-for-stm32.12.3.rel1.win32_1.0.200.202406191623/tools/bin/../lib/gcc/arm-none-eabi/12.3.1/../../../../arm-none-eabi/lib/thumb/v7e-m+fp/hard\libc_nano.a(libc_a-init.o)
                0x08006480                __libc_init_array
 *(.glue_7)
 .glue_7        0x080064c8        0x0 linker stubs
 *(.glue_7t)
 .glue_7t       0x080064c8        0x0 linker stubs
 *(.eh_frame)
 .eh_frame      0x080064c8        0x0 C:/ST/STM32CubeIDE_1.16.0/STM32CubeIDE/plugins/com.st.stm32cube.ide.mcu.externaltools.gnu-tools-for-stm32.12.3.rel1.win32_1.0.200.202406191623/tools/bin/../lib/gcc/arm-none-eabi/12.3.1/thumb/v7e-m+fp/hard/crtbegin.o
 *(.init)
 .init          0x080064c8        0x4 C:/ST/STM32CubeIDE_1.16.0/STM32CubeIDE/plugins/com.st.stm32cube.ide.mcu.externaltools.gnu-tools-for-stm32.12.3.rel1.win32_1.0.200.202406191623/tools/bin/../lib/gcc/arm-none-eabi/12.3.1/thumb/v7e-m+fp/hard/crti.o
                0x080064c8                _init
 .init          0x080064cc        0x8 C:/ST/STM32CubeIDE_1.16.0/STM32CubeIDE/plugins/com.st.stm32cube.ide.mcu.externaltools.gnu-tools-for-stm32.12.3.rel1.win32_1.0.200.202406191623/tools/bin/../lib/gcc/arm-none-eabi/12.3.1/thumb/v7e-m+fp/hard/crtn.o
 *(.fini)
 .fini          0x080064d4        0x4 C:/ST/STM32CubeIDE_1.16.0/STM32CubeIDE/plugins/com.st.stm32cube.ide.mcu.externaltools.gnu-tools-for-stm32.12.3.rel1.win32_1.0.200.202406191623/tools/bin/../lib/gcc/arm-none-eabi/12.3.1/thumb/v7e-m+fp/hard/crti.o
                0x080064d4                _fini
 .fini          0x080064d8        0x8 C:/ST/STM32CubeIDE_1.16.0/STM32CubeIDE/plugins/com.st.stm32cube.ide.mcu.externaltools.gnu-tools-for-stm32.12.3.rel1.win32_1.0.200.202406191623/tools/bin/../lib/gcc/arm-none-eabi/12.3.1/thumb/v7e-m+fp/hard/crtn.o
                0x080064e0                        . = ALIGN (0x4)
                0x080064e0                        _etext = .

.vfp11_veneer   0x080064e0        0x0
 .vfp11_veneer  0x080064e0        0x0 linker stubs

.v4_bx          0x080064e0        0x0
 .v4_bx         0x080064e0        0x0 linker stubs

.iplt           0x080064e0        0x0
 .iplt          0x080064e0        0x0 C:/ST/STM32CubeIDE_1.16.0/STM32CubeIDE/plugins/com.st.stm32cube.ide.mcu.externaltools.gnu-tools-for-stm32.12.3.rel1.win32_1.0.200.202406191623/tools/bin/../lib/gcc/arm-none-eabi/12.3.1/thumb/v7e-m+fp/hard/crtbegin.o

.rodata         0x080064e0    0x2b38c
                0x080064e0                        . = ALIGN (0x4)
 *(.rodata)
 .rodata        0x080064e0       0x1e ./Core/Src/main.o
 *(.rodata*)
 *fill*         0x080064fe        0x2 
 .rodata.parqueo70x70
                0x08006500     0x2648 ./Core/Src/main.o
                0x08006500                parqueo70x70
 .rodata.caros38x5
                0x08008b48      0x17c ./Core/Src/main.o
                0x08008b48                caros38x5
 .rodata.caros38x15
                0x08008cc4      0x474 ./Core/Src/main.o
                0x08008cc4                caros38x15
 .rodata.caros38x25
                0x08009138      0x76c ./Core/Src/main.o
                0x08009138                caros38x25
 .rodata.caros38x35
                0x080098a4      0xa64 ./Core/Src/main.o
                0x080098a4                caros38x35
 .rodata.caros38x45
                0x0800a308      0xd5c ./Core/Src/main.o
                0x0800a308                caros38x45
 .rodata.caros38x55
                0x0800b064     0x1054 ./Core/Src/main.o
                0x0800b064                caros38x55
 .rodata.caros38x65
                0x0800c0b8     0x134c ./Core/Src/main.o
                0x0800c0b8                caros38x65
 .rodata.caros38x75
                0x0800d404     0x1644 ./Core/Src/main.o
                0x0800d404                caros38x75
 .rodata.cars37x5
                0x0800ea48      0x172 ./Core/Src/main.o
                0x0800ea48                cars37x5
 *fill*         0x0800ebba        0x2 
 .rodata.cars37x15
                0x0800ebbc      0x456 ./Core/Src/main.o
                0x0800ebbc                cars37x15
 *fill*         0x0800f012        0x2 
 .rodata.cars37x25
                0x0800f014      0x73a ./Core/Src/main.o
                0x0800f014                cars37x25
 *fill*         0x0800f74e        0x2 
 .rodata.cars37x35
                0x0800f750      0xd02 ./Core/Src/main.o
                0x0800f750                cars37x35
 *fill*         0x08010452        0x2 
 .rodata.cars37x45
                0x08010454      0xd02 ./Core/Src/main.o
                0x08010454                cars37x45
 *fill*         0x08011156        0x2 
 .rodata.cars37x55
                0x08011158      0xfe6 ./Core/Src/main.o
                0x08011158                cars37x55
 *fill*         0x0801213e        0x2 
 .rodata.cars37x65
                0x08012140     0x12ca ./Core/Src/main.o
                0x08012140                cars37x65
 *fill*         0x0801340a        0x2 
 .rodata.cars37x75
                0x0801340c     0x15ae ./Core/Src/main.o
                0x0801340c                cars37x75
 *fill*         0x080149ba        0x2 
 .rodata.cars38x5
                0x080149bc      0x17c ./Core/Src/main.o
                0x080149bc                cars38x5
 .rodata.cars38x15
                0x08014b38      0x474 ./Core/Src/main.o
                0x08014b38                cars38x15
 .rodata.cars38x25
                0x08014fac      0x76c ./Core/Src/main.o
                0x08014fac                cars38x25
 .rodata.cars38x35
                0x08015718      0xa64 ./Core/Src/main.o
                0x08015718                cars38x35
 .rodata.cars38x45
                0x0801617c      0xd5c ./Core/Src/main.o
                0x0801617c                cars38x45
 .rodata.cars38x55
                0x08016ed8     0x1054 ./Core/Src/main.o
                0x08016ed8                cars38x55
 .rodata.cars38x65
                0x08017f2c     0x134c ./Core/Src/main.o
                0x08017f2c                cars38x65
 .rodata.cars38x75
                0x08019278     0x1644 ./Core/Src/main.o
                0x08019278                cars38x75
 .rodata.car35x5
                0x0801a8bc      0x15e ./Core/Src/main.o
                0x0801a8bc                car35x5
 *fill*         0x0801aa1a        0x2 
 .rodata.car35x15
                0x0801aa1c      0x41a ./Core/Src/main.o
                0x0801aa1c                car35x15
 *fill*         0x0801ae36        0x2 
 .rodata.car35x25
                0x0801ae38      0x6d6 ./Core/Src/main.o
                0x0801ae38                car35x25
 *fill*         0x0801b50e        0x2 
 .rodata.car35x35
                0x0801b510      0x992 ./Core/Src/main.o
                0x0801b510                car35x35
 *fill*         0x0801bea2        0x2 
 .rodata.car35x45
                0x0801bea4      0xc4e ./Core/Src/main.o
                0x0801bea4                car35x45
 *fill*         0x0801caf2        0x2 
 .rodata.car35x55
                0x0801caf4      0xf0a ./Core/Src/main.o
                0x0801caf4                car35x55
 *fill*         0x0801d9fe        0x2 
 .rodata.car35x65
                0x0801da00     0x11c6 ./Core/Src/main.o
                0x0801da00                car35x65
 *fill*         0x0801ebc6        0x2 
 .rodata.car35x75
                0x0801ebc8     0x1482 ./Core/Src/main.o
                0x0801ebc8                car35x75
 *fill*         0x0802004a        0x2 
 .rodata.caro38x5
                0x0802004c      0x17c ./Core/Src/main.o
                0x0802004c                caro38x5
 .rodata.caro38x15
                0x080201c8      0x474 ./Core/Src/main.o
                0x080201c8                caro38x15
 .rodata.caro38x25
                0x0802063c      0x76c ./Core/Src/main.o
                0x0802063c                caro38x25
 .rodata.caro38x35
                0x08020da8      0xa64 ./Core/Src/main.o
                0x08020da8                caro38x35
 .rodata.caro38x45
                0x0802180c      0xd5c ./Core/Src/main.o
                0x0802180c                caro38x45
 .rodata.caro38x55
                0x08022568     0x1054 ./Core/Src/main.o
                0x08022568                caro38x55
 .rodata.caro38x65
                0x080235bc     0x134c ./Core/Src/main.o
                0x080235bc                caro38x65
 .rodata.caro38x75
                0x08024908     0x1644 ./Core/Src/main.o
                0x08024908                caro38x75
 .rodata.car36x5
                0x08025f4c      0x168 ./Core/Src/main.o
                0x08025f4c                car36x5
 .rodata.car36x15
                0x080260b4      0x438 ./Core/Src/main.o
                0x080260b4                car36x15
 .rodata.car36x25
                0x080264ec      0x708 ./Core/Src/main.o
                0x080264ec                car36x25
 .rodata.car36x35
                0x08026bf4      0x9d8 ./Core/Src/main.o
                0x08026bf4                car36x35
 .rodata.car36x45
                0x080275cc      0xca8 ./Core/Src/main.o
                0x080275cc                car36x45
 .rodata.car36x55
                0x08028274      0xf78 ./Core/Src/main.o
                0x08028274                car36x55
 .rodata.car36x65
                0x080291ec     0x1248 ./Core/Src/main.o
                0x080291ec                car36x65
 .rodata.car36x75
                0x0802a434     0x1518 ./Core/Src/main.o
                0x0802a434                car36x75
 .rodata.car38x5
                0x0802b94c      0x17c ./Core/Src/main.o
                0x0802b94c                car38x5
 .rodata.car38x15
                0x0802bac8      0x474 ./Core/Src/main.o
                0x0802bac8                car38x15
 .rodata.car38x25
                0x0802bf3c      0x76c ./Core/Src/main.o
                0x0802bf3c                car38x25
 .rodata.car38x35
                0x0802c6a8      0xa64 ./Core/Src/main.o
                0x0802c6a8                car38x35
 .rodata.car38x45
                0x0802d10c      0xd5c ./Core/Src/main.o
                0x0802d10c                car38x45
 .rodata.car38x55
                0x0802de68     0x1054 ./Core/Src/main.o
                0x0802de68                car38x55
 .rodata.car38x65
                0x0802eebc     0x134c ./Core/Src/main.o
                0x0802eebc                car38x65
 .rodata.car38x75
                0x08030208     0x1644 ./Core/Src/main.o
                0x08030208                car38x75
 .rodata.AHBPrescTable
                0x0803184c       0x10 ./Core/Src/system_stm32f4xx.o
                0x0803184c                AHBPrescTable
 .rodata.APBPrescTable
                0x0803185c        0x8 ./Core/Src/system_stm32f4xx.o
                0x0803185c                APBPrescTable
 .rodata.flagBitshiftOffset.0
                0x08031864        0x8 ./Drivers/STM32F4xx_HAL_Driver/Src/stm32f4xx_hal_dma.o
                0x0803186c                        . = ALIGN (0x4)

.ARM.extab      0x0803186c        0x0
                0x0803186c                        . = ALIGN (0x4)
 *(.ARM.extab* .gnu.linkonce.armextab.*)
                0x0803186c                        . = ALIGN (0x4)

.ARM            0x0803186c        0x8
                0x0803186c                        . = ALIGN (0x4)
                0x0803186c                        __exidx_start = .
 *(.ARM.exidx*)
 .ARM.exidx     0x0803186c        0x8 C:/ST/STM32CubeIDE_1.16.0/STM32CubeIDE/plugins/com.st.stm32cube.ide.mcu.externaltools.gnu-tools-for-stm32.12.3.rel1.win32_1.0.200.202406191623/tools/bin/../lib/gcc/arm-none-eabi/12.3.1/../../../../arm-none-eabi/lib/thumb/v7e-m+fp/hard\libc_nano.a(libc_a-strlen.o)
 .ARM.exidx     0x08031874        0x0 C:/ST/STM32CubeIDE_1.16.0/STM32CubeIDE/plugins/com.st.stm32cube.ide.mcu.externaltools.gnu-tools-for-stm32.12.3.rel1.win32_1.0.200.202406191623/tools/bin/../lib/gcc/arm-none-eabi/12.3.1/thumb/v7e-m+fp/hard\libgcc.a(_udivmoddi4.o)
                                  0x8 (size before relaxing)
                0x08031874                        __exidx_end = .
                0x08031874                        . = ALIGN (0x4)

.preinit_array  0x08031874        0x0
                0x08031874                        . = ALIGN (0x4)
                0x08031874                        PROVIDE (__preinit_array_start = .)
 *(.preinit_array*)
                0x08031874                        PROVIDE (__preinit_array_end = .)
                0x08031874                        . = ALIGN (0x4)

.init_array     0x08031874        0x4
                0x08031874                        . = ALIGN (0x4)
                0x08031874                        PROVIDE (__init_array_start = .)
 *(SORT_BY_NAME(.init_array.*))
 *(.init_array*)
 .init_array    0x08031874        0x4 C:/ST/STM32CubeIDE_1.16.0/STM32CubeIDE/plugins/com.st.stm32cube.ide.mcu.externaltools.gnu-tools-for-stm32.12.3.rel1.win32_1.0.200.202406191623/tools/bin/../lib/gcc/arm-none-eabi/12.3.1/thumb/v7e-m+fp/hard/crtbegin.o
                0x08031878                        PROVIDE (__init_array_end = .)
                0x08031878                        . = ALIGN (0x4)

.fini_array     0x08031878        0x4
                0x08031878                        . = ALIGN (0x4)
                [!provide]                        PROVIDE (__fini_array_start = .)
 *(SORT_BY_NAME(.fini_array.*))
 *(.fini_array*)
 .fini_array    0x08031878        0x4 C:/ST/STM32CubeIDE_1.16.0/STM32CubeIDE/plugins/com.st.stm32cube.ide.mcu.externaltools.gnu-tools-for-stm32.12.3.rel1.win32_1.0.200.202406191623/tools/bin/../lib/gcc/arm-none-eabi/12.3.1/thumb/v7e-m+fp/hard/crtbegin.o
                [!provide]                        PROVIDE (__fini_array_end = .)
                0x0803187c                        . = ALIGN (0x4)
                0x0803187c                        _sidata = LOADADDR (.data)

.rel.dyn        0x0803187c        0x0
 .rel.iplt      0x0803187c        0x0 C:/ST/STM32CubeIDE_1.16.0/STM32CubeIDE/plugins/com.st.stm32cube.ide.mcu.externaltools.gnu-tools-for-stm32.12.3.rel1.win32_1.0.200.202406191623/tools/bin/../lib/gcc/arm-none-eabi/12.3.1/thumb/v7e-m+fp/hard/crtbegin.o

.data           0x20000000    0x1d6d4 load address 0x0803187c
                0x20000000                        . = ALIGN (0x4)
                0x20000000                        _sdata = .
 *(.data)
 *(.data*)
 .data.car37X6  0x20000000      0x1bc ./Core/Src/main.o
                0x20000000                car37X6
 .data.car37X16
                0x200001bc      0x4a0 ./Core/Src/main.o
                0x200001bc                car37X16
 .data.car37X26
                0x2000065c      0x784 ./Core/Src/main.o
                0x2000065c                car37X26
 .data.car37X36
                0x20000de0      0xa68 ./Core/Src/main.o
                0x20000de0                car37X36
 .data.car37X46
                0x20001848      0xd4c ./Core/Src/main.o
                0x20001848                car37X46
 .data.car37X56
                0x20002594     0x1030 ./Core/Src/main.o
                0x20002594                car37X56
 .data.car37X65
                0x200035c4     0x12ca ./Core/Src/main.o
                0x200035c4                car37X65
 *fill*         0x2000488e        0x2 
 .data.car37X75
                0x20004890     0x15ae ./Core/Src/main.o
                0x20004890                car37X75
 *fill*         0x20005e3e        0x2 
 .data.barra50x21
                0x20005e40     0x1068 ./Core/Src/main.o
                0x20005e40                barra50x21
 .data.num64x80
                0x20006ea8    0x16800 ./Core/Src/main.o
                0x20006ea8                num64x80
 .data.p1       0x2001d6a8        0x4 ./Core/Src/main.o
                0x2001d6a8                p1
 .data.p2       0x2001d6ac        0x4 ./Core/Src/main.o
                0x2001d6ac                p2
 .data.p3       0x2001d6b0        0x4 ./Core/Src/main.o
                0x2001d6b0                p3
 .data.p4       0x2001d6b4        0x4 ./Core/Src/main.o
                0x2001d6b4                p4
 .data.p5       0x2001d6b8        0x4 ./Core/Src/main.o
                0x2001d6b8                p5
 .data.p6       0x2001d6bc        0x4 ./Core/Src/main.o
                0x2001d6bc                p6
 .data.p7       0x2001d6c0        0x4 ./Core/Src/main.o
                0x2001d6c0                p7
 .data.p8       0x2001d6c4        0x4 ./Core/Src/main.o
                0x2001d6c4                p8
 .data.SystemCoreClock
                0x2001d6c8        0x4 ./Core/Src/system_stm32f4xx.o
                0x2001d6c8                SystemCoreClock
 .data.uwTickPrio
                0x2001d6cc        0x4 ./Drivers/STM32F4xx_HAL_Driver/Src/stm32f4xx_hal.o
                0x2001d6cc                uwTickPrio
 .data.uwTickFreq
                0x2001d6d0        0x1 ./Drivers/STM32F4xx_HAL_Driver/Src/stm32f4xx_hal.o
                0x2001d6d0                uwTickFreq
 *(.RamFunc)
 *(.RamFunc*)
                0x2001d6d4                        . = ALIGN (0x4)
 *fill*         0x2001d6d1        0x3 
                0x2001d6d4                        _edata = .

.igot.plt       0x2001d6d4        0x0 load address 0x0804ef50
 .igot.plt      0x2001d6d4        0x0 C:/ST/STM32CubeIDE_1.16.0/STM32CubeIDE/plugins/com.st.stm32cube.ide.mcu.externaltools.gnu-tools-for-stm32.12.3.rel1.win32_1.0.200.202406191623/tools/bin/../lib/gcc/arm-none-eabi/12.3.1/thumb/v7e-m+fp/hard/crtbegin.o
                0x2001d6d4                        . = ALIGN (0x4)

.bss            0x2001d6d4      0x21c load address 0x0804ef50
                0x2001d6d4                        _sbss = .
                0x2001d6d4                        __bss_start__ = _sbss
 *(.bss)
 .bss           0x2001d6d4       0x1c C:/ST/STM32CubeIDE_1.16.0/STM32CubeIDE/plugins/com.st.stm32cube.ide.mcu.externaltools.gnu-tools-for-stm32.12.3.rel1.win32_1.0.200.202406191623/tools/bin/../lib/gcc/arm-none-eabi/12.3.1/thumb/v7e-m+fp/hard/crtbegin.o
 *(.bss*)
 .bss.hspi1     0x2001d6f0       0x58 ./Core/Src/main.o
                0x2001d6f0                hspi1
 .bss.htim3     0x2001d748       0x48 ./Core/Src/main.o
                0x2001d748                htim3
 .bss.hdma_tim3_ch1_trig
                0x2001d790       0x60 ./Core/Src/main.o
                0x2001d790                hdma_tim3_ch1_trig
 .bss.huart5    0x2001d7f0       0x48 ./Core/Src/main.o
                0x2001d7f0                huart5
 .bss.huart2    0x2001d838       0x48 ./Core/Src/main.o
                0x2001d838                huart2
 .bss.option    0x2001d880        0x1 ./Core/Src/main.o
                0x2001d880                option
 *fill*         0x2001d881        0x3 
 .bss.tx_buffer
                0x2001d884       0x14 ./Core/Src/main.o
                0x2001d884                tx_buffer
 .bss.count     0x2001d898        0x4 ./Core/Src/main.o
                0x2001d898                count
 .bss.m1        0x2001d89c        0x4 ./Core/Src/main.o
                0x2001d89c                m1
 .bss.m12       0x2001d8a0        0x4 ./Core/Src/main.o
                0x2001d8a0                m12
 .bss.m2        0x2001d8a4        0x4 ./Core/Src/main.o
                0x2001d8a4                m2
 .bss.m22       0x2001d8a8        0x4 ./Core/Src/main.o
                0x2001d8a8                m22
 .bss.m3        0x2001d8ac        0x4 ./Core/Src/main.o
                0x2001d8ac                m3
 .bss.m32       0x2001d8b0        0x4 ./Core/Src/main.o
                0x2001d8b0                m32
 .bss.m4        0x2001d8b4        0x4 ./Core/Src/main.o
                0x2001d8b4                m4
 .bss.m42       0x2001d8b8        0x4 ./Core/Src/main.o
                0x2001d8b8                m42
 .bss.m5        0x2001d8bc        0x4 ./Core/Src/main.o
                0x2001d8bc                m5
 .bss.m52       0x2001d8c0        0x4 ./Core/Src/main.o
                0x2001d8c0                m52
 .bss.m6        0x2001d8c4        0x4 ./Core/Src/main.o
                0x2001d8c4                m6
 .bss.m62       0x2001d8c8        0x4 ./Core/Src/main.o
                0x2001d8c8                m62
 .bss.m7        0x2001d8cc        0x4 ./Core/Src/main.o
                0x2001d8cc                m7
 .bss.m72       0x2001d8d0        0x4 ./Core/Src/main.o
                0x2001d8d0                m72
 .bss.m8        0x2001d8d4        0x4 ./Core/Src/main.o
                0x2001d8d4                m8
 .bss.m82       0x2001d8d8        0x4 ./Core/Src/main.o
                0x2001d8d8                m82
 .bss.PQ5       0x2001d8dc        0x4 ./Core/Src/main.o
                0x2001d8dc                PQ5
 .bss.PQ6       0x2001d8e0        0x4 ./Core/Src/main.o
                0x2001d8e0                PQ6
 .bss.PQ7       0x2001d8e4        0x4 ./Core/Src/main.o
                0x2001d8e4                PQ7
 .bss.PQ8       0x2001d8e8        0x4 ./Core/Src/main.o
                0x2001d8e8                PQ8
 .bss.uwTick    0x2001d8ec        0x4 ./Drivers/STM32F4xx_HAL_Driver/Src/stm32f4xx_hal.o
                0x2001d8ec                uwTick
 *(COMMON)
                0x2001d8f0                        . = ALIGN (0x4)
                0x2001d8f0                        _ebss = .
                0x2001d8f0                        __bss_end__ = _ebss

._user_heap_stack
                0x2001d8f0      0x600 load address 0x0804ef50
                0x2001d8f0                        . = ALIGN (0x8)
                [!provide]                        PROVIDE (end = .)
                0x2001d8f0                        PROVIDE (_end = .)
                0x2001daf0                        . = (. + _Min_Heap_Size)
 *fill*         0x2001d8f0      0x200 
                0x2001def0                        . = (. + _Min_Stack_Size)
 *fill*         0x2001daf0      0x400 
                0x2001def0                        . = ALIGN (0x8)

/DISCARD/
 libc.a(*)
 libm.a(*)
 libgcc.a(*)

.ARM.attributes
                0x00000000       0x30
 *(.ARM.attributes)
 .ARM.attributes
                0x00000000       0x22 C:/ST/STM32CubeIDE_1.16.0/STM32CubeIDE/plugins/com.st.stm32cube.ide.mcu.externaltools.gnu-tools-for-stm32.12.3.rel1.win32_1.0.200.202406191623/tools/bin/../lib/gcc/arm-none-eabi/12.3.1/thumb/v7e-m+fp/hard/crti.o
 .ARM.attributes
                0x00000022       0x34 C:/ST/STM32CubeIDE_1.16.0/STM32CubeIDE/plugins/com.st.stm32cube.ide.mcu.externaltools.gnu-tools-for-stm32.12.3.rel1.win32_1.0.200.202406191623/tools/bin/../lib/gcc/arm-none-eabi/12.3.1/thumb/v7e-m+fp/hard/crtbegin.o
 .ARM.attributes
                0x00000056       0x34 ./Core/Src/ili9341.o
 .ARM.attributes
                0x0000008a       0x34 ./Core/Src/main.o
 .ARM.attributes
                0x000000be       0x34 ./Core/Src/stm32f4xx_hal_msp.o
 .ARM.attributes
                0x000000f2       0x34 ./Core/Src/stm32f4xx_it.o
 .ARM.attributes
                0x00000126       0x34 ./Core/Src/system_stm32f4xx.o
 .ARM.attributes
                0x0000015a       0x21 ./Core/Startup/startup_stm32f446retx.o
 .ARM.attributes
                0x0000017b       0x34 ./Drivers/STM32F4xx_HAL_Driver/Src/stm32f4xx_hal.o
 .ARM.attributes
                0x000001af       0x34 ./Drivers/STM32F4xx_HAL_Driver/Src/stm32f4xx_hal_cortex.o
 .ARM.attributes
                0x000001e3       0x34 ./Drivers/STM32F4xx_HAL_Driver/Src/stm32f4xx_hal_dma.o
 .ARM.attributes
                0x00000217       0x34 ./Drivers/STM32F4xx_HAL_Driver/Src/stm32f4xx_hal_gpio.o
 .ARM.attributes
                0x0000024b       0x34 ./Drivers/STM32F4xx_HAL_Driver/Src/stm32f4xx_hal_rcc.o
 .ARM.attributes
                0x0000027f       0x34 ./Drivers/STM32F4xx_HAL_Driver/Src/stm32f4xx_hal_rcc_ex.o
 .ARM.attributes
                0x000002b3       0x34 ./Drivers/STM32F4xx_HAL_Driver/Src/stm32f4xx_hal_spi.o
 .ARM.attributes
                0x000002e7       0x34 ./Drivers/STM32F4xx_HAL_Driver/Src/stm32f4xx_hal_tim.o
 .ARM.attributes
                0x0000031b       0x34 ./Drivers/STM32F4xx_HAL_Driver/Src/stm32f4xx_hal_tim_ex.o
 .ARM.attributes
                0x0000034f       0x34 ./Drivers/STM32F4xx_HAL_Driver/Src/stm32f4xx_hal_uart.o
 .ARM.attributes
                0x00000383       0x34 C:/ST/STM32CubeIDE_1.16.0/STM32CubeIDE/plugins/com.st.stm32cube.ide.mcu.externaltools.gnu-tools-for-stm32.12.3.rel1.win32_1.0.200.202406191623/tools/bin/../lib/gcc/arm-none-eabi/12.3.1/../../../../arm-none-eabi/lib/thumb/v7e-m+fp/hard\libc_nano.a(libc_a-memset.o)
 .ARM.attributes
                0x000003b7       0x34 C:/ST/STM32CubeIDE_1.16.0/STM32CubeIDE/plugins/com.st.stm32cube.ide.mcu.externaltools.gnu-tools-for-stm32.12.3.rel1.win32_1.0.200.202406191623/tools/bin/../lib/gcc/arm-none-eabi/12.3.1/../../../../arm-none-eabi/lib/thumb/v7e-m+fp/hard\libc_nano.a(libc_a-init.o)
 .ARM.attributes
                0x000003eb       0x17 C:/ST/STM32CubeIDE_1.16.0/STM32CubeIDE/plugins/com.st.stm32cube.ide.mcu.externaltools.gnu-tools-for-stm32.12.3.rel1.win32_1.0.200.202406191623/tools/bin/../lib/gcc/arm-none-eabi/12.3.1/../../../../arm-none-eabi/lib/thumb/v7e-m+fp/hard\libc_nano.a(libc_a-strlen.o)
 .ARM.attributes
                0x00000402       0x22 C:/ST/STM32CubeIDE_1.16.0/STM32CubeIDE/plugins/com.st.stm32cube.ide.mcu.externaltools.gnu-tools-for-stm32.12.3.rel1.win32_1.0.200.202406191623/tools/bin/../lib/gcc/arm-none-eabi/12.3.1/thumb/v7e-m+fp/hard\libgcc.a(_aeabi_uldivmod.o)
 .ARM.attributes
                0x00000424       0x34 C:/ST/STM32CubeIDE_1.16.0/STM32CubeIDE/plugins/com.st.stm32cube.ide.mcu.externaltools.gnu-tools-for-stm32.12.3.rel1.win32_1.0.200.202406191623/tools/bin/../lib/gcc/arm-none-eabi/12.3.1/thumb/v7e-m+fp/hard\libgcc.a(_udivmoddi4.o)
 .ARM.attributes
                0x00000458       0x22 C:/ST/STM32CubeIDE_1.16.0/STM32CubeIDE/plugins/com.st.stm32cube.ide.mcu.externaltools.gnu-tools-for-stm32.12.3.rel1.win32_1.0.200.202406191623/tools/bin/../lib/gcc/arm-none-eabi/12.3.1/thumb/v7e-m+fp/hard\libgcc.a(_dvmd_tls.o)
 .ARM.attributes
                0x0000047a       0x22 C:/ST/STM32CubeIDE_1.16.0/STM32CubeIDE/plugins/com.st.stm32cube.ide.mcu.externaltools.gnu-tools-for-stm32.12.3.rel1.win32_1.0.200.202406191623/tools/bin/../lib/gcc/arm-none-eabi/12.3.1/thumb/v7e-m+fp/hard/crtn.o
OUTPUT(ILI9341.elf elf32-littlearm)
LOAD linker stubs
LOAD C:/ST/STM32CubeIDE_1.16.0/STM32CubeIDE/plugins/com.st.stm32cube.ide.mcu.externaltools.gnu-tools-for-stm32.12.3.rel1.win32_1.0.200.202406191623/tools/bin/../lib/gcc/arm-none-eabi/12.3.1/../../../../arm-none-eabi/lib/thumb/v7e-m+fp/hard\libc.a
LOAD C:/ST/STM32CubeIDE_1.16.0/STM32CubeIDE/plugins/com.st.stm32cube.ide.mcu.externaltools.gnu-tools-for-stm32.12.3.rel1.win32_1.0.200.202406191623/tools/bin/../lib/gcc/arm-none-eabi/12.3.1/../../../../arm-none-eabi/lib/thumb/v7e-m+fp/hard\libm.a
LOAD C:/ST/STM32CubeIDE_1.16.0/STM32CubeIDE/plugins/com.st.stm32cube.ide.mcu.externaltools.gnu-tools-for-stm32.12.3.rel1.win32_1.0.200.202406191623/tools/bin/../lib/gcc/arm-none-eabi/12.3.1/thumb/v7e-m+fp/hard\libgcc.a

.debug_info     0x00000000    0x10bf5
 .debug_info    0x00000000      0x81b ./Core/Src/ili9341.o
 .debug_info    0x0000081b     0x23f6 ./Core/Src/main.o
 .debug_info    0x00002c11     0x138e ./Core/Src/stm32f4xx_hal_msp.o
 .debug_info    0x00003f9f      0x9d6 ./Core/Src/stm32f4xx_it.o
 .debug_info    0x00004975      0x54a ./Core/Src/system_stm32f4xx.o
 .debug_info    0x00004ebf       0x30 ./Core/Startup/startup_stm32f446retx.o
 .debug_info    0x00004eef      0x99a ./Drivers/STM32F4xx_HAL_Driver/Src/stm32f4xx_hal.o
 .debug_info    0x00005889      0xd75 ./Drivers/STM32F4xx_HAL_Driver/Src/stm32f4xx_hal_cortex.o
 .debug_info    0x000065fe      0x8e7 ./Drivers/STM32F4xx_HAL_Driver/Src/stm32f4xx_hal_dma.o
 .debug_info    0x00006ee5      0x70b ./Drivers/STM32F4xx_HAL_Driver/Src/stm32f4xx_hal_gpio.o
 .debug_info    0x000075f0      0x8ed ./Drivers/STM32F4xx_HAL_Driver/Src/stm32f4xx_hal_rcc.o
 .debug_info    0x00007edd      0x956 ./Drivers/STM32F4xx_HAL_Driver/Src/stm32f4xx_hal_rcc_ex.o
 .debug_info    0x00008833     0x15fb ./Drivers/STM32F4xx_HAL_Driver/Src/stm32f4xx_hal_spi.o
 .debug_info    0x00009e2e     0x299d ./Drivers/STM32F4xx_HAL_Driver/Src/stm32f4xx_hal_tim.o
 .debug_info    0x0000c7cb     0x14db ./Drivers/STM32F4xx_HAL_Driver/Src/stm32f4xx_hal_tim_ex.o
 .debug_info    0x0000dca6     0x2f4f ./Drivers/STM32F4xx_HAL_Driver/Src/stm32f4xx_hal_uart.o

.debug_abbrev   0x00000000     0x2355
 .debug_abbrev  0x00000000      0x203 ./Core/Src/ili9341.o
 .debug_abbrev  0x00000203      0x359 ./Core/Src/main.o
 .debug_abbrev  0x0000055c      0x25f ./Core/Src/stm32f4xx_hal_msp.o
 .debug_abbrev  0x000007bb      0x19b ./Core/Src/stm32f4xx_it.o
 .debug_abbrev  0x00000956      0x11a ./Core/Src/system_stm32f4xx.o
 .debug_abbrev  0x00000a70       0x24 ./Core/Startup/startup_stm32f446retx.o
 .debug_abbrev  0x00000a94      0x214 ./Drivers/STM32F4xx_HAL_Driver/Src/stm32f4xx_hal.o
 .debug_abbrev  0x00000ca8      0x328 ./Drivers/STM32F4xx_HAL_Driver/Src/stm32f4xx_hal_cortex.o
 .debug_abbrev  0x00000fd0      0x264 ./Drivers/STM32F4xx_HAL_Driver/Src/stm32f4xx_hal_dma.o
 .debug_abbrev  0x00001234      0x1d4 ./Drivers/STM32F4xx_HAL_Driver/Src/stm32f4xx_hal_gpio.o
 .debug_abbrev  0x00001408      0x2b6 ./Drivers/STM32F4xx_HAL_Driver/Src/stm32f4xx_hal_rcc.o
 .debug_abbrev  0x000016be      0x20a ./Drivers/STM32F4xx_HAL_Driver/Src/stm32f4xx_hal_rcc_ex.o
 .debug_abbrev  0x000018c8      0x284 ./Drivers/STM32F4xx_HAL_Driver/Src/stm32f4xx_hal_spi.o
 .debug_abbrev  0x00001b4c      0x278 ./Drivers/STM32F4xx_HAL_Driver/Src/stm32f4xx_hal_tim.o
 .debug_abbrev  0x00001dc4      0x283 ./Drivers/STM32F4xx_HAL_Driver/Src/stm32f4xx_hal_tim_ex.o
 .debug_abbrev  0x00002047      0x30e ./Drivers/STM32F4xx_HAL_Driver/Src/stm32f4xx_hal_uart.o

.debug_aranges  0x00000000      0xf98
 .debug_aranges
                0x00000000       0x78 ./Core/Src/ili9341.o
 .debug_aranges
                0x00000078       0xf0 ./Core/Src/main.o
 .debug_aranges
                0x00000168       0x58 ./Core/Src/stm32f4xx_hal_msp.o
 .debug_aranges
                0x000001c0       0x80 ./Core/Src/stm32f4xx_it.o
 .debug_aranges
                0x00000240       0x28 ./Core/Src/system_stm32f4xx.o
 .debug_aranges
                0x00000268       0x28 ./Core/Startup/startup_stm32f446retx.o
 .debug_aranges
                0x00000290       0xf0 ./Drivers/STM32F4xx_HAL_Driver/Src/stm32f4xx_hal.o
 .debug_aranges
                0x00000380      0x120 ./Drivers/STM32F4xx_HAL_Driver/Src/stm32f4xx_hal_cortex.o
 .debug_aranges
                0x000004a0       0x90 ./Drivers/STM32F4xx_HAL_Driver/Src/stm32f4xx_hal_dma.o
 .debug_aranges
                0x00000530       0x58 ./Drivers/STM32F4xx_HAL_Driver/Src/stm32f4xx_hal_gpio.o
 .debug_aranges
                0x00000588       0x88 ./Drivers/STM32F4xx_HAL_Driver/Src/stm32f4xx_hal_rcc.o
 .debug_aranges
                0x00000610       0x78 ./Drivers/STM32F4xx_HAL_Driver/Src/stm32f4xx_hal_rcc_ex.o
 .debug_aranges
                0x00000688      0x1d0 ./Drivers/STM32F4xx_HAL_Driver/Src/stm32f4xx_hal_spi.o
 .debug_aranges
                0x00000858      0x3d0 ./Drivers/STM32F4xx_HAL_Driver/Src/stm32f4xx_hal_tim.o
 .debug_aranges
                0x00000c28      0x168 ./Drivers/STM32F4xx_HAL_Driver/Src/stm32f4xx_hal_tim_ex.o
 .debug_aranges
                0x00000d90      0x208 ./Drivers/STM32F4xx_HAL_Driver/Src/stm32f4xx_hal_uart.o

.debug_rnglists
                0x00000000      0xc52
 .debug_rnglists
                0x00000000       0x60 ./Core/Src/ili9341.o
 .debug_rnglists
                0x00000060       0xc4 ./Core/Src/main.o
 .debug_rnglists
                0x00000124       0x40 ./Core/Src/stm32f4xx_hal_msp.o
 .debug_rnglists
                0x00000164       0x5b ./Core/Src/stm32f4xx_it.o
 .debug_rnglists
                0x000001bf       0x1a ./Core/Src/system_stm32f4xx.o
 .debug_rnglists
                0x000001d9       0x19 ./Core/Startup/startup_stm32f446retx.o
 .debug_rnglists
                0x000001f2       0xaf ./Drivers/STM32F4xx_HAL_Driver/Src/stm32f4xx_hal.o
 .debug_rnglists
                0x000002a1       0xd4 ./Drivers/STM32F4xx_HAL_Driver/Src/stm32f4xx_hal_cortex.o
 .debug_rnglists
                0x00000375       0x70 ./Drivers/STM32F4xx_HAL_Driver/Src/stm32f4xx_hal_dma.o
 .debug_rnglists
                0x000003e5       0x3f ./Drivers/STM32F4xx_HAL_Driver/Src/stm32f4xx_hal_gpio.o
 .debug_rnglists
                0x00000424       0x66 ./Drivers/STM32F4xx_HAL_Driver/Src/stm32f4xx_hal_rcc.o
 .debug_rnglists
                0x0000048a       0x5e ./Drivers/STM32F4xx_HAL_Driver/Src/stm32f4xx_hal_rcc_ex.o
 .debug_rnglists
                0x000004e8      0x16f ./Drivers/STM32F4xx_HAL_Driver/Src/stm32f4xx_hal_spi.o
 .debug_rnglists
                0x00000657      0x31a ./Drivers/STM32F4xx_HAL_Driver/Src/stm32f4xx_hal_tim.o
 .debug_rnglists
                0x00000971      0x125 ./Drivers/STM32F4xx_HAL_Driver/Src/stm32f4xx_hal_tim_ex.o
 .debug_rnglists
                0x00000a96      0x1bc ./Drivers/STM32F4xx_HAL_Driver/Src/stm32f4xx_hal_uart.o

.debug_macro    0x00000000    0x21626
 .debug_macro   0x00000000      0x32a ./Core/Src/ili9341.o
 .debug_macro   0x0000032a       0x34 ./Core/Src/ili9341.o
 .debug_macro   0x0000035e       0x16 ./Core/Src/ili9341.o
 .debug_macro   0x00000374      0x11c ./Core/Src/ili9341.o
 .debug_macro   0x00000490       0x94 ./Core/Src/ili9341.o
 .debug_macro   0x00000524       0x16 ./Core/Src/ili9341.o
 .debug_macro   0x0000053a       0x43 ./Core/Src/ili9341.o
 .debug_macro   0x0000057d       0x34 ./Core/Src/ili9341.o
 .debug_macro   0x000005b1       0x10 ./Core/Src/ili9341.o
 .debug_macro   0x000005c1       0x58 ./Core/Src/ili9341.o
 .debug_macro   0x00000619       0x8e ./Core/Src/ili9341.o
 .debug_macro   0x000006a7       0x1c ./Core/Src/ili9341.o
 .debug_macro   0x000006c3      0x177 ./Core/Src/ili9341.o
 .debug_macro   0x0000083a      0x369 ./Core/Src/ili9341.o
 .debug_macro   0x00000ba3       0x16 ./Core/Src/ili9341.o
 .debug_macro   0x00000bb9       0x29 ./Core/Src/ili9341.o
 .debug_macro   0x00000be2       0x16 ./Core/Src/ili9341.o
 .debug_macro   0x00000bf8       0x35 ./Core/Src/ili9341.o
 .debug_macro   0x00000c2d       0x20 ./Core/Src/ili9341.o
 .debug_macro   0x00000c4d      0x118 ./Core/Src/ili9341.o
 .debug_macro   0x00000d65       0x3a ./Core/Src/ili9341.o
 .debug_macro   0x00000d9f      0x2a1 ./Core/Src/ili9341.o
 .debug_macro   0x00001040       0x2e ./Core/Src/ili9341.o
 .debug_macro   0x0000106e       0x28 ./Core/Src/ili9341.o
 .debug_macro   0x00001096       0x1c ./Core/Src/ili9341.o
 .debug_macro   0x000010b2       0x22 ./Core/Src/ili9341.o
 .debug_macro   0x000010d4       0xfb ./Core/Src/ili9341.o
 .debug_macro   0x000011cf     0x1011 ./Core/Src/ili9341.o
 .debug_macro   0x000021e0      0x11f ./Core/Src/ili9341.o
 .debug_macro   0x000022ff    0x16749 ./Core/Src/ili9341.o
 .debug_macro   0x00018a48       0x6d ./Core/Src/ili9341.o
 .debug_macro   0x00018ab5     0x368c ./Core/Src/ili9341.o
 .debug_macro   0x0001c141       0x56 ./Core/Src/ili9341.o
 .debug_macro   0x0001c197      0xca5 ./Core/Src/ili9341.o
 .debug_macro   0x0001ce3c      0x9e9 ./Core/Src/ili9341.o
 .debug_macro   0x0001d825      0x115 ./Core/Src/ili9341.o
 .debug_macro   0x0001d93a      0x1a0 ./Core/Src/ili9341.o
 .debug_macro   0x0001dada       0xa5 ./Core/Src/ili9341.o
 .debug_macro   0x0001db7f      0x16d ./Core/Src/ili9341.o
 .debug_macro   0x0001dcec      0x287 ./Core/Src/ili9341.o
 .debug_macro   0x0001df73       0x5f ./Core/Src/ili9341.o
 .debug_macro   0x0001dfd2      0x236 ./Core/Src/ili9341.o
 .debug_macro   0x0001e208      0x132 ./Core/Src/ili9341.o
 .debug_macro   0x0001e33a      0x29c ./Core/Src/ili9341.o
 .debug_macro   0x0001e5d6       0x2e ./Core/Src/ili9341.o
 .debug_macro   0x0001e604      0x127 ./Core/Src/ili9341.o
 .debug_macro   0x0001e72b       0xe8 ./Core/Src/ili9341.o
 .debug_macro   0x0001e813       0x89 ./Core/Src/ili9341.o
 .debug_macro   0x0001e89c      0x225 ./Core/Src/ili9341.o
 .debug_macro   0x0001eac1      0x8ed ./Core/Src/ili9341.o
 .debug_macro   0x0001f3ae       0x53 ./Core/Src/ili9341.o
 .debug_macro   0x0001f401      0x2aa ./Core/Src/ili9341.o
 .debug_macro   0x0001f6ab      0x126 ./Core/Src/ili9341.o
 .debug_macro   0x0001f7d1       0xdc ./Core/Src/ili9341.o
 .debug_macro   0x0001f8ad      0x272 ./Core/Src/main.o
 .debug_macro   0x0001fb1f      0x189 ./Core/Src/main.o
 .debug_macro   0x0001fca8       0x5c ./Core/Src/main.o
 .debug_macro   0x0001fd04       0x61 ./Core/Src/main.o
 .debug_macro   0x0001fd65      0x1e7 ./Core/Src/stm32f4xx_hal_msp.o
 .debug_macro   0x0001ff4c      0x1f1 ./Core/Src/stm32f4xx_it.o
 .debug_macro   0x0002013d      0x1d8 ./Core/Src/system_stm32f4xx.o
 .debug_macro   0x00020315      0x238 ./Drivers/STM32F4xx_HAL_Driver/Src/stm32f4xx_hal.o
 .debug_macro   0x0002054d      0x1d8 ./Drivers/STM32F4xx_HAL_Driver/Src/stm32f4xx_hal_cortex.o
 .debug_macro   0x00020725      0x1de ./Drivers/STM32F4xx_HAL_Driver/Src/stm32f4xx_hal_dma.o
 .debug_macro   0x00020903      0x1de ./Drivers/STM32F4xx_HAL_Driver/Src/stm32f4xx_hal_gpio.o
 .debug_macro   0x00020ae1      0x1fc ./Drivers/STM32F4xx_HAL_Driver/Src/stm32f4xx_hal_rcc.o
 .debug_macro   0x00020cdd      0x1d8 ./Drivers/STM32F4xx_HAL_Driver/Src/stm32f4xx_hal_rcc_ex.o
 .debug_macro   0x00020eb5      0x1e7 ./Drivers/STM32F4xx_HAL_Driver/Src/stm32f4xx_hal_spi.o
 .debug_macro   0x0002109c      0x1d9 ./Drivers/STM32F4xx_HAL_Driver/Src/stm32f4xx_hal_tim.o
 .debug_macro   0x00021275      0x1d8 ./Drivers/STM32F4xx_HAL_Driver/Src/stm32f4xx_hal_tim_ex.o
 .debug_macro   0x0002144d      0x1d9 ./Drivers/STM32F4xx_HAL_Driver/Src/stm32f4xx_hal_uart.o

.debug_line     0x00000000    0x125bc
 .debug_line    0x00000000      0xe6b ./Core/Src/ili9341.o
 .debug_line    0x00000e6b      0xf9b ./Core/Src/main.o
 .debug_line    0x00001e06      0x8dd ./Core/Src/stm32f4xx_hal_msp.o
 .debug_line    0x000026e3      0x888 ./Core/Src/stm32f4xx_it.o
 .debug_line    0x00002f6b      0x7ea ./Core/Src/system_stm32f4xx.o
 .debug_line    0x00003755       0x7a ./Core/Startup/startup_stm32f446retx.o
 .debug_line    0x000037cf      0xa53 ./Drivers/STM32F4xx_HAL_Driver/Src/stm32f4xx_hal.o
 .debug_line    0x00004222      0xd1b ./Drivers/STM32F4xx_HAL_Driver/Src/stm32f4xx_hal_cortex.o
 .debug_line    0x00004f3d      0xfc3 ./Drivers/STM32F4xx_HAL_Driver/Src/stm32f4xx_hal_dma.o
 .debug_line    0x00005f00      0xbcb ./Drivers/STM32F4xx_HAL_Driver/Src/stm32f4xx_hal_gpio.o
 .debug_line    0x00006acb      0xdd0 ./Drivers/STM32F4xx_HAL_Driver/Src/stm32f4xx_hal_rcc.o
 .debug_line    0x0000789b     0x146e ./Drivers/STM32F4xx_HAL_Driver/Src/stm32f4xx_hal_rcc_ex.o
 .debug_line    0x00008d09     0x1d4e ./Drivers/STM32F4xx_HAL_Driver/Src/stm32f4xx_hal_spi.o
 .debug_line    0x0000aa57     0x37f7 ./Drivers/STM32F4xx_HAL_Driver/Src/stm32f4xx_hal_tim.o
 .debug_line    0x0000e24e     0x1a49 ./Drivers/STM32F4xx_HAL_Driver/Src/stm32f4xx_hal_tim_ex.o
 .debug_line    0x0000fc97     0x2925 ./Drivers/STM32F4xx_HAL_Driver/Src/stm32f4xx_hal_uart.o

.debug_str      0x00000000    0xd47e7
 .debug_str     0x00000000    0xcfea6 ./Core/Src/ili9341.o
                              0xd015f (size before relaxing)
 .debug_str     0x000cfea6     0x1558 ./Core/Src/main.o
                              0xce7fc (size before relaxing)
 .debug_str     0x000d13fe       0xef ./Core/Src/stm32f4xx_hal_msp.o
                              0xcbec0 (size before relaxing)
 .debug_str     0x000d14ed      0x14e ./Core/Src/stm32f4xx_it.o
                              0xcb64a (size before relaxing)
 .debug_str     0x000d163b       0xdb ./Core/Src/system_stm32f4xx.o
                              0xcac7d (size before relaxing)
 .debug_str     0x000d1716       0x8c ./Core/Startup/startup_stm32f446retx.o
 .debug_str     0x000d17a2      0x63c ./Drivers/STM32F4xx_HAL_Driver/Src/stm32f4xx_hal.o
                              0xcb801 (size before relaxing)
 .debug_str     0x000d1dde      0x33a ./Drivers/STM32F4xx_HAL_Driver/Src/stm32f4xx_hal_cortex.o
                              0xcb526 (size before relaxing)
 .debug_str     0x000d2118      0x2e6 ./Drivers/STM32F4xx_HAL_Driver/Src/stm32f4xx_hal_dma.o
                              0xcb031 (size before relaxing)
 .debug_str     0x000d23fe      0x110 ./Drivers/STM32F4xx_HAL_Driver/Src/stm32f4xx_hal_gpio.o
                              0xcadb7 (size before relaxing)
 .debug_str     0x000d250e      0x233 ./Drivers/STM32F4xx_HAL_Driver/Src/stm32f4xx_hal_rcc.o
                              0xcb075 (size before relaxing)
 .debug_str     0x000d2741      0x324 ./Drivers/STM32F4xx_HAL_Driver/Src/stm32f4xx_hal_rcc_ex.o
                              0xcb0a8 (size before relaxing)
 .debug_str     0x000d2a65      0x56d ./Drivers/STM32F4xx_HAL_Driver/Src/stm32f4xx_hal_spi.o
                              0xcb4db (size before relaxing)
 .debug_str     0x000d2fd2      0xdcc ./Drivers/STM32F4xx_HAL_Driver/Src/stm32f4xx_hal_tim.o
                              0xcbfa1 (size before relaxing)
 .debug_str     0x000d3d9e      0x493 ./Drivers/STM32F4xx_HAL_Driver/Src/stm32f4xx_hal_tim_ex.o
                              0xcb7ad (size before relaxing)
 .debug_str     0x000d4231      0x5b6 ./Drivers/STM32F4xx_HAL_Driver/Src/stm32f4xx_hal_uart.o
                              0xcb62c (size before relaxing)

.comment        0x00000000       0x43
 .comment       0x00000000       0x43 ./Core/Src/ili9341.o
                                 0x44 (size before relaxing)
 .comment       0x00000043       0x44 ./Core/Src/main.o
 .comment       0x00000043       0x44 ./Core/Src/stm32f4xx_hal_msp.o
 .comment       0x00000043       0x44 ./Core/Src/stm32f4xx_it.o
 .comment       0x00000043       0x44 ./Core/Src/system_stm32f4xx.o
 .comment       0x00000043       0x44 ./Drivers/STM32F4xx_HAL_Driver/Src/stm32f4xx_hal.o
 .comment       0x00000043       0x44 ./Drivers/STM32F4xx_HAL_Driver/Src/stm32f4xx_hal_cortex.o
 .comment       0x00000043       0x44 ./Drivers/STM32F4xx_HAL_Driver/Src/stm32f4xx_hal_dma.o
 .comment       0x00000043       0x44 ./Drivers/STM32F4xx_HAL_Driver/Src/stm32f4xx_hal_gpio.o
 .comment       0x00000043       0x44 ./Drivers/STM32F4xx_HAL_Driver/Src/stm32f4xx_hal_rcc.o
 .comment       0x00000043       0x44 ./Drivers/STM32F4xx_HAL_Driver/Src/stm32f4xx_hal_rcc_ex.o
 .comment       0x00000043       0x44 ./Drivers/STM32F4xx_HAL_Driver/Src/stm32f4xx_hal_spi.o
 .comment       0x00000043       0x44 ./Drivers/STM32F4xx_HAL_Driver/Src/stm32f4xx_hal_tim.o
 .comment       0x00000043       0x44 ./Drivers/STM32F4xx_HAL_Driver/Src/stm32f4xx_hal_tim_ex.o
 .comment       0x00000043       0x44 ./Drivers/STM32F4xx_HAL_Driver/Src/stm32f4xx_hal_uart.o

.debug_frame    0x00000000     0x423c
 .debug_frame   0x00000000      0x1c4 ./Core/Src/ili9341.o
 .debug_frame   0x000001c4      0x3b4 ./Core/Src/main.o
 .debug_frame   0x00000578      0x134 ./Core/Src/stm32f4xx_hal_msp.o
 .debug_frame   0x000006ac      0x174 ./Core/Src/stm32f4xx_it.o
 .debug_frame   0x00000820       0x58 ./Core/Src/system_stm32f4xx.o
 .debug_frame   0x00000878      0x374 ./Drivers/STM32F4xx_HAL_Driver/Src/stm32f4xx_hal.o
 .debug_frame   0x00000bec      0x4b8 ./Drivers/STM32F4xx_HAL_Driver/Src/stm32f4xx_hal_cortex.o
 .debug_frame   0x000010a4      0x250 ./Drivers/STM32F4xx_HAL_Driver/Src/stm32f4xx_hal_dma.o
 .debug_frame   0x000012f4      0x14c ./Drivers/STM32F4xx_HAL_Driver/Src/stm32f4xx_hal_gpio.o
 .debug_frame   0x00001440      0x1f4 ./Drivers/STM32F4xx_HAL_Driver/Src/stm32f4xx_hal_rcc.o
 .debug_frame   0x00001634      0x1e8 ./Drivers/STM32F4xx_HAL_Driver/Src/stm32f4xx_hal_rcc_ex.o
 .debug_frame   0x0000181c      0x828 ./Drivers/STM32F4xx_HAL_Driver/Src/stm32f4xx_hal_spi.o
 .debug_frame   0x00002044     0x11c0 ./Drivers/STM32F4xx_HAL_Driver/Src/stm32f4xx_hal_tim.o
 .debug_frame   0x00003204      0x638 ./Drivers/STM32F4xx_HAL_Driver/Src/stm32f4xx_hal_tim_ex.o
 .debug_frame   0x0000383c      0x954 ./Drivers/STM32F4xx_HAL_Driver/Src/stm32f4xx_hal_uart.o
 .debug_frame   0x00004190       0x20 C:/ST/STM32CubeIDE_1.16.0/STM32CubeIDE/plugins/com.st.stm32cube.ide.mcu.externaltools.gnu-tools-for-stm32.12.3.rel1.win32_1.0.200.202406191623/tools/bin/../lib/gcc/arm-none-eabi/12.3.1/../../../../arm-none-eabi/lib/thumb/v7e-m+fp/hard\libc_nano.a(libc_a-memset.o)
 .debug_frame   0x000041b0       0x2c C:/ST/STM32CubeIDE_1.16.0/STM32CubeIDE/plugins/com.st.stm32cube.ide.mcu.externaltools.gnu-tools-for-stm32.12.3.rel1.win32_1.0.200.202406191623/tools/bin/../lib/gcc/arm-none-eabi/12.3.1/../../../../arm-none-eabi/lib/thumb/v7e-m+fp/hard\libc_nano.a(libc_a-init.o)
 .debug_frame   0x000041dc       0x2c C:/ST/STM32CubeIDE_1.16.0/STM32CubeIDE/plugins/com.st.stm32cube.ide.mcu.externaltools.gnu-tools-for-stm32.12.3.rel1.win32_1.0.200.202406191623/tools/bin/../lib/gcc/arm-none-eabi/12.3.1/thumb/v7e-m+fp/hard\libgcc.a(_aeabi_uldivmod.o)
 .debug_frame   0x00004208       0x34 C:/ST/STM32CubeIDE_1.16.0/STM32CubeIDE/plugins/com.st.stm32cube.ide.mcu.externaltools.gnu-tools-for-stm32.12.3.rel1.win32_1.0.200.202406191623/tools/bin/../lib/gcc/arm-none-eabi/12.3.1/thumb/v7e-m+fp/hard\libgcc.a(_udivmoddi4.o)

.debug_line_str
                0x00000000       0x70
 .debug_line_str
                0x00000000       0x70 ./Core/Startup/startup_stm32f446retx.o
